Command line invocation:
    /Applications/Xcode.app/Contents/Developer/usr/bin/xcodebuild -project BetterSleep.xcodeproj -scheme BetterSleep -configuration Debug -destination "platform=iOS Simulator,name=iPhone 16,OS=18.5" clean build

ComputePackagePrebuildTargetDependencyGraph

CreateBuildRequest

SendProjectDescription

CreateBuildOperation

** CLEAN SUCCEEDED **

ComputePackagePrebuildTargetDependencyGraph

Prepare packages

CreateBuildRequest

SendProjectDescription

CreateBuildOperation

ComputeTargetDependencyGraph
note: Building targets in dependency order
note: Target dependency graph (1 target)
    Target 'BetterSleep' in project 'BetterSleep' (no dependencies)

GatherProvisioningInputs

CreateBuildDescription

ExecuteExternalTool /Applications/Xcode.app/Contents/Developer/Toolchains/XcodeDefault.xctoolchain/usr/bin/clang -v -E -dM -isysroot /Applications/Xcode.app/Contents/Developer/Platforms/iPhoneSimulator.platform/Developer/SDKs/iPhoneSimulator18.5.sdk -x c -c /dev/null

ExecuteExternalTool /usr/bin/what -q /Applications/Xcode.app/Contents/Developer/Toolchains/XcodeDefault.xctoolchain/usr/bin/coremlc

ExecuteExternalTool /Applications/Xcode.app/Contents/Developer/Toolchains/XcodeDefault.xctoolchain/usr/bin/coremlc generate /Users/littlegragon/work/better-sleep-trae/Snoring.mlproj/Models/Snoring 1.mlmodel /Users/littlegragon/Library/Developer/Xcode/DerivedData/BetterSleep-aailiramiaforxemticnaedxmnaq/Build/Intermediates.noindex/BetterSleep.build/Debug-iphonesimulator/BetterSleep.build/DerivedSources/CoreMLGenerated/Snoring 1 --dry-run yes --deployment-target 15.0 --sdkroot /Applications/Xcode.app/Contents/Developer/Platforms/iPhoneSimulator.platform/Developer/SDKs/iPhoneSimulator18.5.sdk --platform ios --output-partial-info-plist /Users/littlegragon/Library/Developer/Xcode/DerivedData/BetterSleep-aailiramiaforxemticnaedxmnaq/Build/Intermediates.noindex/BetterSleep.build/Debug-iphonesimulator/BetterSleep.build/Snoring 1-CoreMLPartialInfo.plist --container bundle-resources --language Swift --swift-version 5.0

ExecuteExternalTool /Applications/Xcode.app/Contents/Developer/Toolchains/XcodeDefault.xctoolchain/usr/bin/swiftc --version

ExecuteExternalTool /Applications/Xcode.app/Contents/Developer/Toolchains/XcodeDefault.xctoolchain/usr/bin/ld -version_details

Build description signature: 1f700f6231e1de7768881b0de1a2937e
Build description path: /Users/littlegragon/Library/Developer/Xcode/DerivedData/BetterSleep-aailiramiaforxemticnaedxmnaq/Build/Intermediates.noindex/XCBuildData/1f700f6231e1de7768881b0de1a2937e.xcbuilddata
ClangStatCache /Applications/Xcode.app/Contents/Developer/Toolchains/XcodeDefault.xctoolchain/usr/bin/clang-stat-cache /Applications/Xcode.app/Contents/Developer/Platforms/iPhoneSimulator.platform/Developer/SDKs/iPhoneSimulator18.5.sdk /Users/littlegragon/Library/Developer/Xcode/DerivedData/SDKStatCaches.noindex/iphonesimulator18.5-22F76-d5fc8ad4295d2ef488fb7d0f804ce0c4.sdkstatcache
    cd /Users/littlegragon/work/better-sleep-trae/BetterSleep.xcodeproj
    /Applications/Xcode.app/Contents/Developer/Toolchains/XcodeDefault.xctoolchain/usr/bin/clang-stat-cache /Applications/Xcode.app/Contents/Developer/Platforms/iPhoneSimulator.platform/Developer/SDKs/iPhoneSimulator18.5.sdk -o /Users/littlegragon/Library/Developer/Xcode/DerivedData/SDKStatCaches.noindex/iphonesimulator18.5-22F76-d5fc8ad4295d2ef488fb7d0f804ce0c4.sdkstatcache

CreateBuildDirectory /Users/littlegragon/Library/Developer/Xcode/DerivedData/BetterSleep-aailiramiaforxemticnaedxmnaq/Build/Products
    cd /Users/littlegragon/work/better-sleep-trae/BetterSleep.xcodeproj
    builtin-create-build-directory /Users/littlegragon/Library/Developer/Xcode/DerivedData/BetterSleep-aailiramiaforxemticnaedxmnaq/Build/Products

CreateBuildDirectory /Users/littlegragon/Library/Developer/Xcode/DerivedData/BetterSleep-aailiramiaforxemticnaedxmnaq/Build/Intermediates.noindex
    cd /Users/littlegragon/work/better-sleep-trae/BetterSleep.xcodeproj
    builtin-create-build-directory /Users/littlegragon/Library/Developer/Xcode/DerivedData/BetterSleep-aailiramiaforxemticnaedxmnaq/Build/Intermediates.noindex

CreateBuildDirectory /Users/littlegragon/Library/Developer/Xcode/DerivedData/BetterSleep-aailiramiaforxemticnaedxmnaq/Build/Products/Debug-iphonesimulator
    cd /Users/littlegragon/work/better-sleep-trae/BetterSleep.xcodeproj
    builtin-create-build-directory /Users/littlegragon/Library/Developer/Xcode/DerivedData/BetterSleep-aailiramiaforxemticnaedxmnaq/Build/Products/Debug-iphonesimulator

CreateBuildDirectory /Users/littlegragon/Library/Developer/Xcode/DerivedData/BetterSleep-aailiramiaforxemticnaedxmnaq/Build/Intermediates.noindex/EagerLinkingTBDs/Debug-iphonesimulator
    cd /Users/littlegragon/work/better-sleep-trae/BetterSleep.xcodeproj
    builtin-create-build-directory /Users/littlegragon/Library/Developer/Xcode/DerivedData/BetterSleep-aailiramiaforxemticnaedxmnaq/Build/Intermediates.noindex/EagerLinkingTBDs/Debug-iphonesimulator

WriteAuxiliaryFile /Users/littlegragon/Library/Developer/Xcode/DerivedData/BetterSleep-aailiramiaforxemticnaedxmnaq/Build/Intermediates.noindex/BetterSleep.build/Debug-iphonesimulator/BetterSleep-ffd1be3029feafbf5593de4b6415f93f-VFS-iphonesimulator/all-product-headers.yaml
    cd /Users/littlegragon/work/better-sleep-trae/BetterSleep.xcodeproj
    write-file /Users/littlegragon/Library/Developer/Xcode/DerivedData/BetterSleep-aailiramiaforxemticnaedxmnaq/Build/Intermediates.noindex/BetterSleep.build/Debug-iphonesimulator/BetterSleep-ffd1be3029feafbf5593de4b6415f93f-VFS-iphonesimulator/all-product-headers.yaml

WriteAuxiliaryFile /Users/littlegragon/Library/Developer/Xcode/DerivedData/BetterSleep-aailiramiaforxemticnaedxmnaq/Build/Intermediates.noindex/BetterSleep.build/Debug-iphonesimulator/BetterSleep.build/BetterSleep.hmap (in target 'BetterSleep' from project 'BetterSleep')
    cd /Users/littlegragon/work/better-sleep-trae
    write-file /Users/littlegragon/Library/Developer/Xcode/DerivedData/BetterSleep-aailiramiaforxemticnaedxmnaq/Build/Intermediates.noindex/BetterSleep.build/Debug-iphonesimulator/BetterSleep.build/BetterSleep.hmap

WriteAuxiliaryFile /Users/littlegragon/Library/Developer/Xcode/DerivedData/BetterSleep-aailiramiaforxemticnaedxmnaq/Build/Intermediates.noindex/BetterSleep.build/Debug-iphonesimulator/BetterSleep.build/BetterSleep-generated-files.hmap (in target 'BetterSleep' from project 'BetterSleep')
    cd /Users/littlegragon/work/better-sleep-trae
    write-file /Users/littlegragon/Library/Developer/Xcode/DerivedData/BetterSleep-aailiramiaforxemticnaedxmnaq/Build/Intermediates.noindex/BetterSleep.build/Debug-iphonesimulator/BetterSleep.build/BetterSleep-generated-files.hmap

WriteAuxiliaryFile /Users/littlegragon/Library/Developer/Xcode/DerivedData/BetterSleep-aailiramiaforxemticnaedxmnaq/Build/Intermediates.noindex/BetterSleep.build/Debug-iphonesimulator/BetterSleep.build/BetterSleep-own-target-headers.hmap (in target 'BetterSleep' from project 'BetterSleep')
    cd /Users/littlegragon/work/better-sleep-trae
    write-file /Users/littlegragon/Library/Developer/Xcode/DerivedData/BetterSleep-aailiramiaforxemticnaedxmnaq/Build/Intermediates.noindex/BetterSleep.build/Debug-iphonesimulator/BetterSleep.build/BetterSleep-own-target-headers.hmap

WriteAuxiliaryFile /Users/littlegragon/Library/Developer/Xcode/DerivedData/BetterSleep-aailiramiaforxemticnaedxmnaq/Build/Intermediates.noindex/BetterSleep.build/Debug-iphonesimulator/BetterSleep.build/BetterSleep-project-headers.hmap (in target 'BetterSleep' from project 'BetterSleep')
    cd /Users/littlegragon/work/better-sleep-trae
    write-file /Users/littlegragon/Library/Developer/Xcode/DerivedData/BetterSleep-aailiramiaforxemticnaedxmnaq/Build/Intermediates.noindex/BetterSleep.build/Debug-iphonesimulator/BetterSleep.build/BetterSleep-project-headers.hmap

WriteAuxiliaryFile /Users/littlegragon/Library/Developer/Xcode/DerivedData/BetterSleep-aailiramiaforxemticnaedxmnaq/Build/Intermediates.noindex/BetterSleep.build/Debug-iphonesimulator/BetterSleep.build/DerivedSources/Entitlements-Simulated.plist (in target 'BetterSleep' from project 'BetterSleep')
    cd /Users/littlegragon/work/better-sleep-trae
    write-file /Users/littlegragon/Library/Developer/Xcode/DerivedData/BetterSleep-aailiramiaforxemticnaedxmnaq/Build/Intermediates.noindex/BetterSleep.build/Debug-iphonesimulator/BetterSleep.build/DerivedSources/Entitlements-Simulated.plist

WriteAuxiliaryFile /Users/littlegragon/Library/Developer/Xcode/DerivedData/BetterSleep-aailiramiaforxemticnaedxmnaq/Build/Intermediates.noindex/BetterSleep.build/Debug-iphonesimulator/BetterSleep.build/Objects-normal/arm64/BetterSleep-OutputFileMap.json (in target 'BetterSleep' from project 'BetterSleep')
    cd /Users/littlegragon/work/better-sleep-trae
    write-file /Users/littlegragon/Library/Developer/Xcode/DerivedData/BetterSleep-aailiramiaforxemticnaedxmnaq/Build/Intermediates.noindex/BetterSleep.build/Debug-iphonesimulator/BetterSleep.build/Objects-normal/arm64/BetterSleep-OutputFileMap.json

WriteAuxiliaryFile /Users/littlegragon/Library/Developer/Xcode/DerivedData/BetterSleep-aailiramiaforxemticnaedxmnaq/Build/Intermediates.noindex/BetterSleep.build/Debug-iphonesimulator/BetterSleep.build/Objects-normal/arm64/BetterSleep_const_extract_protocols.json (in target 'BetterSleep' from project 'BetterSleep')
    cd /Users/littlegragon/work/better-sleep-trae
    write-file /Users/littlegragon/Library/Developer/Xcode/DerivedData/BetterSleep-aailiramiaforxemticnaedxmnaq/Build/Intermediates.noindex/BetterSleep.build/Debug-iphonesimulator/BetterSleep.build/Objects-normal/arm64/BetterSleep_const_extract_protocols.json

WriteAuxiliaryFile /Users/littlegragon/Library/Developer/Xcode/DerivedData/BetterSleep-aailiramiaforxemticnaedxmnaq/Build/Intermediates.noindex/BetterSleep.build/Debug-iphonesimulator/BetterSleep.build/Objects-normal/arm64/BetterSleep.SwiftFileList (in target 'BetterSleep' from project 'BetterSleep')
    cd /Users/littlegragon/work/better-sleep-trae
    write-file /Users/littlegragon/Library/Developer/Xcode/DerivedData/BetterSleep-aailiramiaforxemticnaedxmnaq/Build/Intermediates.noindex/BetterSleep.build/Debug-iphonesimulator/BetterSleep.build/Objects-normal/arm64/BetterSleep.SwiftFileList

WriteAuxiliaryFile /Users/littlegragon/Library/Developer/Xcode/DerivedData/BetterSleep-aailiramiaforxemticnaedxmnaq/Build/Intermediates.noindex/BetterSleep.build/Debug-iphonesimulator/BetterSleep.build/Objects-normal/arm64/BetterSleep.SwiftConstValuesFileList (in target 'BetterSleep' from project 'BetterSleep')
    cd /Users/littlegragon/work/better-sleep-trae
    write-file /Users/littlegragon/Library/Developer/Xcode/DerivedData/BetterSleep-aailiramiaforxemticnaedxmnaq/Build/Intermediates.noindex/BetterSleep.build/Debug-iphonesimulator/BetterSleep.build/Objects-normal/arm64/BetterSleep.SwiftConstValuesFileList

WriteAuxiliaryFile /Users/littlegragon/Library/Developer/Xcode/DerivedData/BetterSleep-aailiramiaforxemticnaedxmnaq/Build/Intermediates.noindex/BetterSleep.build/Debug-iphonesimulator/BetterSleep.build/Objects-normal/arm64/BetterSleep.LinkFileList (in target 'BetterSleep' from project 'BetterSleep')
    cd /Users/littlegragon/work/better-sleep-trae
    write-file /Users/littlegragon/Library/Developer/Xcode/DerivedData/BetterSleep-aailiramiaforxemticnaedxmnaq/Build/Intermediates.noindex/BetterSleep.build/Debug-iphonesimulator/BetterSleep.build/Objects-normal/arm64/BetterSleep.LinkFileList

WriteAuxiliaryFile /Users/littlegragon/Library/Developer/Xcode/DerivedData/BetterSleep-aailiramiaforxemticnaedxmnaq/Build/Intermediates.noindex/BetterSleep.build/Debug-iphonesimulator/BetterSleep.build/BetterSleep.DependencyStaticMetadataFileList (in target 'BetterSleep' from project 'BetterSleep')
    cd /Users/littlegragon/work/better-sleep-trae
    write-file /Users/littlegragon/Library/Developer/Xcode/DerivedData/BetterSleep-aailiramiaforxemticnaedxmnaq/Build/Intermediates.noindex/BetterSleep.build/Debug-iphonesimulator/BetterSleep.build/BetterSleep.DependencyStaticMetadataFileList

WriteAuxiliaryFile /Users/littlegragon/Library/Developer/Xcode/DerivedData/BetterSleep-aailiramiaforxemticnaedxmnaq/Build/Intermediates.noindex/BetterSleep.build/Debug-iphonesimulator/BetterSleep.build/BetterSleep.DependencyMetadataFileList (in target 'BetterSleep' from project 'BetterSleep')
    cd /Users/littlegragon/work/better-sleep-trae
    write-file /Users/littlegragon/Library/Developer/Xcode/DerivedData/BetterSleep-aailiramiaforxemticnaedxmnaq/Build/Intermediates.noindex/BetterSleep.build/Debug-iphonesimulator/BetterSleep.build/BetterSleep.DependencyMetadataFileList

WriteAuxiliaryFile /Users/littlegragon/Library/Developer/Xcode/DerivedData/BetterSleep-aailiramiaforxemticnaedxmnaq/Build/Intermediates.noindex/BetterSleep.build/Debug-iphonesimulator/BetterSleep.build/BetterSleep-all-target-headers.hmap (in target 'BetterSleep' from project 'BetterSleep')
    cd /Users/littlegragon/work/better-sleep-trae
    write-file /Users/littlegragon/Library/Developer/Xcode/DerivedData/BetterSleep-aailiramiaforxemticnaedxmnaq/Build/Intermediates.noindex/BetterSleep.build/Debug-iphonesimulator/BetterSleep.build/BetterSleep-all-target-headers.hmap

WriteAuxiliaryFile /Users/littlegragon/Library/Developer/Xcode/DerivedData/BetterSleep-aailiramiaforxemticnaedxmnaq/Build/Intermediates.noindex/BetterSleep.build/Debug-iphonesimulator/BetterSleep.build/BetterSleep-all-non-framework-target-headers.hmap (in target 'BetterSleep' from project 'BetterSleep')
    cd /Users/littlegragon/work/better-sleep-trae
    write-file /Users/littlegragon/Library/Developer/Xcode/DerivedData/BetterSleep-aailiramiaforxemticnaedxmnaq/Build/Intermediates.noindex/BetterSleep.build/Debug-iphonesimulator/BetterSleep.build/BetterSleep-all-non-framework-target-headers.hmap

WriteAuxiliaryFile /Users/littlegragon/Library/Developer/Xcode/DerivedData/BetterSleep-aailiramiaforxemticnaedxmnaq/Build/Intermediates.noindex/BetterSleep.build/Debug-iphonesimulator/BetterSleep.build/BetterSleep-DebugDylibPath-normal-arm64.txt (in target 'BetterSleep' from project 'BetterSleep')
    cd /Users/littlegragon/work/better-sleep-trae
    write-file /Users/littlegragon/Library/Developer/Xcode/DerivedData/BetterSleep-aailiramiaforxemticnaedxmnaq/Build/Intermediates.noindex/BetterSleep.build/Debug-iphonesimulator/BetterSleep.build/BetterSleep-DebugDylibPath-normal-arm64.txt

WriteAuxiliaryFile /Users/littlegragon/Library/Developer/Xcode/DerivedData/BetterSleep-aailiramiaforxemticnaedxmnaq/Build/Intermediates.noindex/BetterSleep.build/Debug-iphonesimulator/BetterSleep.build/BetterSleep-DebugDylibInstallName-normal-arm64.txt (in target 'BetterSleep' from project 'BetterSleep')
    cd /Users/littlegragon/work/better-sleep-trae
    write-file /Users/littlegragon/Library/Developer/Xcode/DerivedData/BetterSleep-aailiramiaforxemticnaedxmnaq/Build/Intermediates.noindex/BetterSleep.build/Debug-iphonesimulator/BetterSleep.build/BetterSleep-DebugDylibInstallName-normal-arm64.txt

WriteAuxiliaryFile /Users/littlegragon/Library/Developer/Xcode/DerivedData/BetterSleep-aailiramiaforxemticnaedxmnaq/Build/Intermediates.noindex/BetterSleep.build/Debug-iphonesimulator/BetterSleep.build/81b4d9ddc7a4076985f2d836f9fda42c.sb (in target 'BetterSleep' from project 'BetterSleep')
    cd /Users/littlegragon/work/better-sleep-trae
    write-file /Users/littlegragon/Library/Developer/Xcode/DerivedData/BetterSleep-aailiramiaforxemticnaedxmnaq/Build/Intermediates.noindex/BetterSleep.build/Debug-iphonesimulator/BetterSleep.build/81b4d9ddc7a4076985f2d836f9fda42c.sb

WriteAuxiliaryFile /Users/littlegragon/Library/Developer/Xcode/DerivedData/BetterSleep-aailiramiaforxemticnaedxmnaq/Build/Intermediates.noindex/BetterSleep.build/Debug-iphonesimulator/BetterSleep.build/413eeca78d41b036ed877a2e40b619fa.sb (in target 'BetterSleep' from project 'BetterSleep')
    cd /Users/littlegragon/work/better-sleep-trae
    write-file /Users/littlegragon/Library/Developer/Xcode/DerivedData/BetterSleep-aailiramiaforxemticnaedxmnaq/Build/Intermediates.noindex/BetterSleep.build/Debug-iphonesimulator/BetterSleep.build/413eeca78d41b036ed877a2e40b619fa.sb

MkDir /Users/littlegragon/Library/Developer/Xcode/DerivedData/BetterSleep-aailiramiaforxemticnaedxmnaq/Build/Products/Debug-iphonesimulator/BetterSleep.app (in target 'BetterSleep' from project 'BetterSleep')
    cd /Users/littlegragon/work/better-sleep-trae
    /bin/mkdir -p /Users/littlegragon/Library/Developer/Xcode/DerivedData/BetterSleep-aailiramiaforxemticnaedxmnaq/Build/Products/Debug-iphonesimulator/BetterSleep.app

ProcessProductPackaging /Users/littlegragon/work/better-sleep-trae/BetterSleep/BetterSleepDebug.entitlements /Users/littlegragon/Library/Developer/Xcode/DerivedData/BetterSleep-aailiramiaforxemticnaedxmnaq/Build/Intermediates.noindex/BetterSleep.build/Debug-iphonesimulator/BetterSleep.build/BetterSleep.app.xcent (in target 'BetterSleep' from project 'BetterSleep')
    cd /Users/littlegragon/work/better-sleep-trae
    
    Entitlements:
    
    {
}
    
    builtin-productPackagingUtility /Users/littlegragon/work/better-sleep-trae/BetterSleep/BetterSleepDebug.entitlements -entitlements -format xml -o /Users/littlegragon/Library/Developer/Xcode/DerivedData/BetterSleep-aailiramiaforxemticnaedxmnaq/Build/Intermediates.noindex/BetterSleep.build/Debug-iphonesimulator/BetterSleep.build/BetterSleep.app.xcent

ProcessProductPackaging /Users/littlegragon/work/better-sleep-trae/BetterSleep/BetterSleepDebug.entitlements /Users/littlegragon/Library/Developer/Xcode/DerivedData/BetterSleep-aailiramiaforxemticnaedxmnaq/Build/Intermediates.noindex/BetterSleep.build/Debug-iphonesimulator/BetterSleep.build/BetterSleep.app-Simulated.xcent (in target 'BetterSleep' from project 'BetterSleep')
    cd /Users/littlegragon/work/better-sleep-trae
    
    Entitlements:
    
    {
    "application-identifier" = "TZ2LHMQJM3.com.littlegragon.BetterSleep.dev";
    "com.apple.developer.healthkit" = 1;
    "com.apple.developer.healthkit.access" =     (
        "health-records"
    );
    "com.apple.developer.healthkit.background-delivery" = 1;
}
    
    builtin-productPackagingUtility /Users/littlegragon/work/better-sleep-trae/BetterSleep/BetterSleepDebug.entitlements -entitlements -format xml -o /Users/littlegragon/Library/Developer/Xcode/DerivedData/BetterSleep-aailiramiaforxemticnaedxmnaq/Build/Intermediates.noindex/BetterSleep.build/Debug-iphonesimulator/BetterSleep.build/BetterSleep.app-Simulated.xcent

ProcessProductPackagingDER /Users/littlegragon/Library/Developer/Xcode/DerivedData/BetterSleep-aailiramiaforxemticnaedxmnaq/Build/Intermediates.noindex/BetterSleep.build/Debug-iphonesimulator/BetterSleep.build/BetterSleep.app.xcent /Users/littlegragon/Library/Developer/Xcode/DerivedData/BetterSleep-aailiramiaforxemticnaedxmnaq/Build/Intermediates.noindex/BetterSleep.build/Debug-iphonesimulator/BetterSleep.build/BetterSleep.app.xcent.der (in target 'BetterSleep' from project 'BetterSleep')
    cd /Users/littlegragon/work/better-sleep-trae
    /usr/bin/derq query -f xml -i /Users/littlegragon/Library/Developer/Xcode/DerivedData/BetterSleep-aailiramiaforxemticnaedxmnaq/Build/Intermediates.noindex/BetterSleep.build/Debug-iphonesimulator/BetterSleep.build/BetterSleep.app.xcent -o /Users/littlegragon/Library/Developer/Xcode/DerivedData/BetterSleep-aailiramiaforxemticnaedxmnaq/Build/Intermediates.noindex/BetterSleep.build/Debug-iphonesimulator/BetterSleep.build/BetterSleep.app.xcent.der --raw

ProcessProductPackagingDER /Users/littlegragon/Library/Developer/Xcode/DerivedData/BetterSleep-aailiramiaforxemticnaedxmnaq/Build/Intermediates.noindex/BetterSleep.build/Debug-iphonesimulator/BetterSleep.build/BetterSleep.app-Simulated.xcent /Users/littlegragon/Library/Developer/Xcode/DerivedData/BetterSleep-aailiramiaforxemticnaedxmnaq/Build/Intermediates.noindex/BetterSleep.build/Debug-iphonesimulator/BetterSleep.build/BetterSleep.app-Simulated.xcent.der (in target 'BetterSleep' from project 'BetterSleep')
    cd /Users/littlegragon/work/better-sleep-trae
    /usr/bin/derq query -f xml -i /Users/littlegragon/Library/Developer/Xcode/DerivedData/BetterSleep-aailiramiaforxemticnaedxmnaq/Build/Intermediates.noindex/BetterSleep.build/Debug-iphonesimulator/BetterSleep.build/BetterSleep.app-Simulated.xcent -o /Users/littlegragon/Library/Developer/Xcode/DerivedData/BetterSleep-aailiramiaforxemticnaedxmnaq/Build/Intermediates.noindex/BetterSleep.build/Debug-iphonesimulator/BetterSleep.build/BetterSleep.app-Simulated.xcent.der --raw

CoreMLModelCompile /Users/littlegragon/Library/Developer/Xcode/DerivedData/BetterSleep-aailiramiaforxemticnaedxmnaq/Build/Products/Debug-iphonesimulator/BetterSleep.app/ /Users/littlegragon/work/better-sleep-trae/Snoring.mlproj/Models/Snoring\ 1.mlmodel (in target 'BetterSleep' from project 'BetterSleep')
    cd /Users/littlegragon/work/better-sleep-trae
    /usr/bin/sandbox-exec -D SCRIPT_OUTPUT_FILE_0\=/Users/littlegragon/Library/Developer/Xcode/DerivedData/BetterSleep-aailiramiaforxemticnaedxmnaq/Build/Products/Debug-iphonesimulator/BetterSleep.app/Snoring\ 1.mlmodelc -D SCRIPT_OUTPUT_FILE_1\=/Users/littlegragon/Library/Developer/Xcode/DerivedData/BetterSleep-aailiramiaforxemticnaedxmnaq/Build/Intermediates.noindex/BetterSleep.build/Debug-iphonesimulator/BetterSleep.build/Snoring\ 1-CoreMLPartialInfo.plist -D SCRIPT_INPUT_FILE_0\=/Users/littlegragon/work/better-sleep-trae/Snoring.mlproj/Models/Snoring\ 1.mlmodel -D SCRIPT_INPUT_FILE_1\=/Users/littlegragon/work/better-sleep-trae/Snoring.mlproj/Models/Snoring\ 1.mlmodel -D SCRIPT_INPUT_ANCESTOR_0\=/ -D SCRIPT_INPUT_ANCESTOR_1\=/Users -D SCRIPT_INPUT_ANCESTOR_2\=/Users/littlegragon -D SCRIPT_INPUT_ANCESTOR_3\=/Users/littlegragon/work -D SCRIPT_INPUT_ANCESTOR_4\=/Users/littlegragon/work/better-sleep-trae -D SCRIPT_INPUT_ANCESTOR_5\=/Users/littlegragon/work/better-sleep-trae/Snoring.mlproj -D SCRIPT_INPUT_ANCESTOR_6\=/Users/littlegragon/work/better-sleep-trae/Snoring.mlproj/Models -D SCRIPT_OUTPUT_ANCESTOR_0\=/ -D SCRIPT_OUTPUT_ANCESTOR_1\=/Users -D SCRIPT_OUTPUT_ANCESTOR_2\=/Users/littlegragon -D SCRIPT_OUTPUT_ANCESTOR_3\=/Users/littlegragon/Library -D SCRIPT_OUTPUT_ANCESTOR_4\=/Users/littlegragon/Library/Developer -D SCRIPT_OUTPUT_ANCESTOR_5\=/Users/littlegragon/Library/Developer/Xcode -D SCRIPT_OUTPUT_ANCESTOR_6\=/Users/littlegragon/Library/Developer/Xcode/DerivedData -D SCRIPT_OUTPUT_ANCESTOR_7\=/Users/littlegragon/Library/Developer/Xcode/DerivedData/BetterSleep-aailiramiaforxemticnaedxmnaq -D SCRIPT_OUTPUT_ANCESTOR_8\=/Users/littlegragon/Library/Developer/Xcode/DerivedData/BetterSleep-aailiramiaforxemticnaedxmnaq/Build -D SCRIPT_OUTPUT_ANCESTOR_9\=/Users/littlegragon/Library/Developer/Xcode/DerivedData/BetterSleep-aailiramiaforxemticnaedxmnaq/Build/Intermediates.noindex -D SCRIPT_OUTPUT_ANCESTOR_10\=/Users/littlegragon/Library/Developer/Xcode/DerivedData/BetterSleep-aailiramiaforxemticnaedxmnaq/Build/Intermediates.noindex/BetterSleep.build -D SCRIPT_OUTPUT_ANCESTOR_11\=/Users/littlegragon/Library/Developer/Xcode/DerivedData/BetterSleep-aailiramiaforxemticnaedxmnaq/Build/Intermediates.noindex/BetterSleep.build/Debug-iphonesimulator -D SCRIPT_OUTPUT_ANCESTOR_12\=/Users/littlegragon/Library/Developer/Xcode/DerivedData/BetterSleep-aailiramiaforxemticnaedxmnaq/Build/Intermediates.noindex/BetterSleep.build/Debug-iphonesimulator/BetterSleep.build -D SCRIPT_OUTPUT_ANCESTOR_13\=/Users/littlegragon/Library/Developer/Xcode/DerivedData/BetterSleep-aailiramiaforxemticnaedxmnaq/Build/Products -D SCRIPT_OUTPUT_ANCESTOR_14\=/Users/littlegragon/Library/Developer/Xcode/DerivedData/BetterSleep-aailiramiaforxemticnaedxmnaq/Build/Products/Debug-iphonesimulator -D SCRIPT_OUTPUT_ANCESTOR_15\=/Users/littlegragon/Library/Developer/Xcode/DerivedData/BetterSleep-aailiramiaforxemticnaedxmnaq/Build/Products/Debug-iphonesimulator/BetterSleep.app -D SRCROOT\=/Users/littlegragon/work/better-sleep-trae -D PROJECT_DIR\=/Users/littlegragon/work/better-sleep-trae -D OBJROOT\=/Users/littlegragon/Library/Developer/Xcode/DerivedData/BetterSleep-aailiramiaforxemticnaedxmnaq/Build/Intermediates.noindex -D SYMROOT\=/Users/littlegragon/Library/Developer/Xcode/DerivedData/BetterSleep-aailiramiaforxemticnaedxmnaq/Build/Products -D DSTROOT\=/tmp/BetterSleep.dst -D SHARED_PRECOMPS_DIR\=/Users/littlegragon/Library/Developer/Xcode/DerivedData/BetterSleep-aailiramiaforxemticnaedxmnaq/Build/Intermediates.noindex/PrecompiledHeaders -D CACHE_ROOT\=/var/folders/2m/m8f54lnn2jqcp4dzv_l8c6w80000gn/C/com.apple.DeveloperTools/16.4-16F6/Xcode -D CONFIGURATION_BUILD_DIR\=/Users/littlegragon/Library/Developer/Xcode/DerivedData/BetterSleep-aailiramiaforxemticnaedxmnaq/Build/Products/Debug-iphonesimulator -D CONFIGURATION_TEMP_DIR\=/Users/littlegragon/Library/Developer/Xcode/DerivedData/BetterSleep-aailiramiaforxemticnaedxmnaq/Build/Intermediates.noindex/BetterSleep.build/Debug-iphonesimulator -D LOCROOT\=/Users/littlegragon/work/better-sleep-trae -D LOCSYMROOT\=/Users/littlegragon/work/better-sleep-trae -D INDEX_PRECOMPS_DIR\=/Users/littlegragon/Library/Developer/Xcode/DerivedData/BetterSleep-aailiramiaforxemticnaedxmnaq/Index.noindex/PrecompiledHeaders -D INDEX_DATA_STORE_DIR\=/Users/littlegragon/Library/Developer/Xcode/DerivedData/BetterSleep-aailiramiaforxemticnaedxmnaq/Index.noindex/DataStore -D TEMP_DIR\=/Users/littlegragon/Library/Developer/Xcode/DerivedData/BetterSleep-aailiramiaforxemticnaedxmnaq/Build/Intermediates.noindex/BetterSleep.build/Debug-iphonesimulator/BetterSleep.build -D TARGET_TEMP_DIR\=/Users/littlegragon/Library/Developer/Xcode/DerivedData/BetterSleep-aailiramiaforxemticnaedxmnaq/Build/Intermediates.noindex/BetterSleep.build/Debug-iphonesimulator/BetterSleep.build -D DERIVED_FILE_DIR\=/Users/littlegragon/Library/Developer/Xcode/DerivedData/BetterSleep-aailiramiaforxemticnaedxmnaq/Build/Intermediates.noindex/BetterSleep.build/Debug-iphonesimulator/BetterSleep.build/DerivedSources -f /Users/littlegragon/Library/Developer/Xcode/DerivedData/BetterSleep-aailiramiaforxemticnaedxmnaq/Build/Intermediates.noindex/BetterSleep.build/Debug-iphonesimulator/BetterSleep.build/81b4d9ddc7a4076985f2d836f9fda42c.sb /Applications/Xcode.app/Contents/Developer/Toolchains/XcodeDefault.xctoolchain/usr/bin/coremlc compile /Users/littlegragon/work/better-sleep-trae/Snoring.mlproj/Models/Snoring\ 1.mlmodel /Users/littlegragon/Library/Developer/Xcode/DerivedData/BetterSleep-aailiramiaforxemticnaedxmnaq/Build/Products/Debug-iphonesimulator/BetterSleep.app/ --deployment-target 15.0 --sdkroot /Applications/Xcode.app/Contents/Developer/Platforms/iPhoneSimulator.platform/Developer/SDKs/iPhoneSimulator18.5.sdk --platform ios --output-partial-info-plist /Users/littlegragon/Library/Developer/Xcode/DerivedData/BetterSleep-aailiramiaforxemticnaedxmnaq/Build/Intermediates.noindex/BetterSleep.build/Debug-iphonesimulator/BetterSleep.build/Snoring\ 1-CoreMLPartialInfo.plist --container bundle-resources
/Users/littlegragon/Library/Developer/Xcode/DerivedData/BetterSleep-aailiramiaforxemticnaedxmnaq/Build/Products/Debug-iphonesimulator/BetterSleep.app/Snoring 1.mlmodelc/coremldata.bin
/Users/littlegragon/Library/Developer/Xcode/DerivedData/BetterSleep-aailiramiaforxemticnaedxmnaq/Build/Products/Debug-iphonesimulator/BetterSleep.app/Snoring 1.mlmodelc/analytics/coremldata.bin
/Users/littlegragon/Library/Developer/Xcode/DerivedData/BetterSleep-aailiramiaforxemticnaedxmnaq/Build/Products/Debug-iphonesimulator/BetterSleep.app/Snoring 1.mlmodelc/model0/coremldata.bin
/Users/littlegragon/Library/Developer/Xcode/DerivedData/BetterSleep-aailiramiaforxemticnaedxmnaq/Build/Products/Debug-iphonesimulator/BetterSleep.app/Snoring 1.mlmodelc/model1/coremldata.bin

Ld /Users/littlegragon/Library/Developer/Xcode/DerivedData/BetterSleep-aailiramiaforxemticnaedxmnaq/Build/Products/Debug-iphonesimulator/BetterSleep.app/__preview.dylib normal (in target 'BetterSleep' from project 'BetterSleep')
    cd /Users/littlegragon/work/better-sleep-trae
    /Applications/Xcode.app/Contents/Developer/Toolchains/XcodeDefault.xctoolchain/usr/bin/clang -Xlinker -reproducible -target arm64-apple-ios15.0-simulator -dynamiclib -isysroot /Applications/Xcode.app/Contents/Developer/Platforms/iPhoneSimulator.platform/Developer/SDKs/iPhoneSimulator18.5.sdk -O0 -L/Users/littlegragon/Library/Developer/Xcode/DerivedData/BetterSleep-aailiramiaforxemticnaedxmnaq/Build/Products/Debug-iphonesimulator -F/Users/littlegragon/Library/Developer/Xcode/DerivedData/BetterSleep-aailiramiaforxemticnaedxmnaq/Build/Products/Debug-iphonesimulator -install_name @rpath/BetterSleep.debug.dylib -dead_strip -rdynamic -Xlinker -no_deduplicate -Xlinker -objc_abi_version -Xlinker 2 -Xlinker -dependency_info -Xlinker /Users/littlegragon/Library/Developer/Xcode/DerivedData/BetterSleep-aailiramiaforxemticnaedxmnaq/Build/Intermediates.noindex/BetterSleep.build/Debug-iphonesimulator/BetterSleep.build/Objects-normal/arm64/BetterSleep_dependency_info.dat -Xlinker -sectcreate -Xlinker __TEXT -Xlinker __entitlements -Xlinker /Users/littlegragon/Library/Developer/Xcode/DerivedData/BetterSleep-aailiramiaforxemticnaedxmnaq/Build/Intermediates.noindex/BetterSleep.build/Debug-iphonesimulator/BetterSleep.build/BetterSleep.app-Simulated.xcent -Xlinker -sectcreate -Xlinker __TEXT -Xlinker __ents_der -Xlinker /Users/littlegragon/Library/Developer/Xcode/DerivedData/BetterSleep-aailiramiaforxemticnaedxmnaq/Build/Intermediates.noindex/BetterSleep.build/Debug-iphonesimulator/BetterSleep.build/BetterSleep.app-Simulated.xcent.der -Xlinker -no_adhoc_codesign -o /Users/littlegragon/Library/Developer/Xcode/DerivedData/BetterSleep-aailiramiaforxemticnaedxmnaq/Build/Products/Debug-iphonesimulator/BetterSleep.app/__preview.dylib

CoreMLModelCodegen /Users/littlegragon/work/better-sleep-trae/Snoring.mlproj/Models/Snoring\ 1.mlmodel (in target 'BetterSleep' from project 'BetterSleep')
    cd /Users/littlegragon/work/better-sleep-trae
    /usr/bin/sandbox-exec -D SCRIPT_OUTPUT_FILE_0\=/Users/littlegragon/Library/Developer/Xcode/DerivedData/BetterSleep-aailiramiaforxemticnaedxmnaq/Build/Intermediates.noindex/BetterSleep.build/Debug-iphonesimulator/BetterSleep.build/DerivedSources/CoreMLGenerated/Snoring\ 1/Snoring\ 1.swift -D SCRIPT_INPUT_FILE_0\=/Users/littlegragon/work/better-sleep-trae/Snoring.mlproj/Models/Snoring\ 1.mlmodel -D SCRIPT_INPUT_ANCESTOR_0\=/ -D SCRIPT_INPUT_ANCESTOR_1\=/Users -D SCRIPT_INPUT_ANCESTOR_2\=/Users/littlegragon -D SCRIPT_INPUT_ANCESTOR_3\=/Users/littlegragon/work -D SCRIPT_INPUT_ANCESTOR_4\=/Users/littlegragon/work/better-sleep-trae -D SCRIPT_INPUT_ANCESTOR_5\=/Users/littlegragon/work/better-sleep-trae/Snoring.mlproj -D SCRIPT_INPUT_ANCESTOR_6\=/Users/littlegragon/work/better-sleep-trae/Snoring.mlproj/Models -D SCRIPT_OUTPUT_ANCESTOR_0\=/ -D SCRIPT_OUTPUT_ANCESTOR_1\=/Users -D SCRIPT_OUTPUT_ANCESTOR_2\=/Users/littlegragon -D SCRIPT_OUTPUT_ANCESTOR_3\=/Users/littlegragon/Library -D SCRIPT_OUTPUT_ANCESTOR_4\=/Users/littlegragon/Library/Developer -D SCRIPT_OUTPUT_ANCESTOR_5\=/Users/littlegragon/Library/Developer/Xcode -D SCRIPT_OUTPUT_ANCESTOR_6\=/Users/littlegragon/Library/Developer/Xcode/DerivedData -D SCRIPT_OUTPUT_ANCESTOR_7\=/Users/littlegragon/Library/Developer/Xcode/DerivedData/BetterSleep-aailiramiaforxemticnaedxmnaq -D SCRIPT_OUTPUT_ANCESTOR_8\=/Users/littlegragon/Library/Developer/Xcode/DerivedData/BetterSleep-aailiramiaforxemticnaedxmnaq/Build -D SCRIPT_OUTPUT_ANCESTOR_9\=/Users/littlegragon/Library/Developer/Xcode/DerivedData/BetterSleep-aailiramiaforxemticnaedxmnaq/Build/Intermediates.noindex -D SCRIPT_OUTPUT_ANCESTOR_10\=/Users/littlegragon/Library/Developer/Xcode/DerivedData/BetterSleep-aailiramiaforxemticnaedxmnaq/Build/Intermediates.noindex/BetterSleep.build -D SCRIPT_OUTPUT_ANCESTOR_11\=/Users/littlegragon/Library/Developer/Xcode/DerivedData/BetterSleep-aailiramiaforxemticnaedxmnaq/Build/Intermediates.noindex/BetterSleep.build/Debug-iphonesimulator -D SCRIPT_OUTPUT_ANCESTOR_12\=/Users/littlegragon/Library/Developer/Xcode/DerivedData/BetterSleep-aailiramiaforxemticnaedxmnaq/Build/Intermediates.noindex/BetterSleep.build/Debug-iphonesimulator/BetterSleep.build -D SCRIPT_OUTPUT_ANCESTOR_13\=/Users/littlegragon/Library/Developer/Xcode/DerivedData/BetterSleep-aailiramiaforxemticnaedxmnaq/Build/Intermediates.noindex/BetterSleep.build/Debug-iphonesimulator/BetterSleep.build/DerivedSources -D SCRIPT_OUTPUT_ANCESTOR_14\=/Users/littlegragon/Library/Developer/Xcode/DerivedData/BetterSleep-aailiramiaforxemticnaedxmnaq/Build/Intermediates.noindex/BetterSleep.build/Debug-iphonesimulator/BetterSleep.build/DerivedSources/CoreMLGenerated -D SCRIPT_OUTPUT_ANCESTOR_15\=/Users/littlegragon/Library/Developer/Xcode/DerivedData/BetterSleep-aailiramiaforxemticnaedxmnaq/Build/Intermediates.noindex/BetterSleep.build/Debug-iphonesimulator/BetterSleep.build/DerivedSources/CoreMLGenerated/Snoring\ 1 -D SRCROOT\=/Users/littlegragon/work/better-sleep-trae -D PROJECT_DIR\=/Users/littlegragon/work/better-sleep-trae -D OBJROOT\=/Users/littlegragon/Library/Developer/Xcode/DerivedData/BetterSleep-aailiramiaforxemticnaedxmnaq/Build/Intermediates.noindex -D SYMROOT\=/Users/littlegragon/Library/Developer/Xcode/DerivedData/BetterSleep-aailiramiaforxemticnaedxmnaq/Build/Products -D DSTROOT\=/tmp/BetterSleep.dst -D SHARED_PRECOMPS_DIR\=/Users/littlegragon/Library/Developer/Xcode/DerivedData/BetterSleep-aailiramiaforxemticnaedxmnaq/Build/Intermediates.noindex/PrecompiledHeaders -D CACHE_ROOT\=/var/folders/2m/m8f54lnn2jqcp4dzv_l8c6w80000gn/C/com.apple.DeveloperTools/16.4-16F6/Xcode -D CONFIGURATION_BUILD_DIR\=/Users/littlegragon/Library/Developer/Xcode/DerivedData/BetterSleep-aailiramiaforxemticnaedxmnaq/Build/Products/Debug-iphonesimulator -D CONFIGURATION_TEMP_DIR\=/Users/littlegragon/Library/Developer/Xcode/DerivedData/BetterSleep-aailiramiaforxemticnaedxmnaq/Build/Intermediates.noindex/BetterSleep.build/Debug-iphonesimulator -D LOCROOT\=/Users/littlegragon/work/better-sleep-trae -D LOCSYMROOT\=/Users/littlegragon/work/better-sleep-trae -D INDEX_PRECOMPS_DIR\=/Users/littlegragon/Library/Developer/Xcode/DerivedData/BetterSleep-aailiramiaforxemticnaedxmnaq/Index.noindex/PrecompiledHeaders -D INDEX_DATA_STORE_DIR\=/Users/littlegragon/Library/Developer/Xcode/DerivedData/BetterSleep-aailiramiaforxemticnaedxmnaq/Index.noindex/DataStore -D TEMP_DIR\=/Users/littlegragon/Library/Developer/Xcode/DerivedData/BetterSleep-aailiramiaforxemticnaedxmnaq/Build/Intermediates.noindex/BetterSleep.build/Debug-iphonesimulator/BetterSleep.build -D TARGET_TEMP_DIR\=/Users/littlegragon/Library/Developer/Xcode/DerivedData/BetterSleep-aailiramiaforxemticnaedxmnaq/Build/Intermediates.noindex/BetterSleep.build/Debug-iphonesimulator/BetterSleep.build -D DERIVED_FILE_DIR\=/Users/littlegragon/Library/Developer/Xcode/DerivedData/BetterSleep-aailiramiaforxemticnaedxmnaq/Build/Intermediates.noindex/BetterSleep.build/Debug-iphonesimulator/BetterSleep.build/DerivedSources -f /Users/littlegragon/Library/Developer/Xcode/DerivedData/BetterSleep-aailiramiaforxemticnaedxmnaq/Build/Intermediates.noindex/BetterSleep.build/Debug-iphonesimulator/BetterSleep.build/413eeca78d41b036ed877a2e40b619fa.sb /Applications/Xcode.app/Contents/Developer/Toolchains/XcodeDefault.xctoolchain/usr/bin/coremlc generate /Users/littlegragon/work/better-sleep-trae/Snoring.mlproj/Models/Snoring\ 1.mlmodel /Users/littlegragon/Library/Developer/Xcode/DerivedData/BetterSleep-aailiramiaforxemticnaedxmnaq/Build/Intermediates.noindex/BetterSleep.build/Debug-iphonesimulator/BetterSleep.build/DerivedSources/CoreMLGenerated/Snoring\ 1 --deployment-target 15.0 --sdkroot /Applications/Xcode.app/Contents/Developer/Platforms/iPhoneSimulator.platform/Developer/SDKs/iPhoneSimulator18.5.sdk --platform ios --output-partial-info-plist /Users/littlegragon/Library/Developer/Xcode/DerivedData/BetterSleep-aailiramiaforxemticnaedxmnaq/Build/Intermediates.noindex/BetterSleep.build/Debug-iphonesimulator/BetterSleep.build/Snoring\ 1-CoreMLPartialInfo.plist --container bundle-resources --language Swift --swift-version 5.0
/Users/littlegragon/Library/Developer/Xcode/DerivedData/BetterSleep-aailiramiaforxemticnaedxmnaq/Build/Intermediates.noindex/BetterSleep.build/Debug-iphonesimulator/BetterSleep.build/DerivedSources/CoreMLGenerated/Snoring 1/Snoring 1.swift

ProcessInfoPlistFile /Users/littlegragon/Library/Developer/Xcode/DerivedData/BetterSleep-aailiramiaforxemticnaedxmnaq/Build/Products/Debug-iphonesimulator/BetterSleep.app/Info.plist /Users/littlegragon/work/better-sleep-trae/Sources/BetterSleep/Info.plist (in target 'BetterSleep' from project 'BetterSleep')
    cd /Users/littlegragon/work/better-sleep-trae
    builtin-infoPlistUtility /Users/littlegragon/work/better-sleep-trae/Sources/BetterSleep/Info.plist -producttype com.apple.product-type.application -genpkginfo /Users/littlegragon/Library/Developer/Xcode/DerivedData/BetterSleep-aailiramiaforxemticnaedxmnaq/Build/Products/Debug-iphonesimulator/BetterSleep.app/PkgInfo -expandbuildsettings -format binary -platform iphonesimulator -additionalcontentfile /Users/littlegragon/Library/Developer/Xcode/DerivedData/BetterSleep-aailiramiaforxemticnaedxmnaq/Build/Intermediates.noindex/BetterSleep.build/Debug-iphonesimulator/BetterSleep.build/Snoring\ 1-CoreMLPartialInfo.plist -o /Users/littlegragon/Library/Developer/Xcode/DerivedData/BetterSleep-aailiramiaforxemticnaedxmnaq/Build/Products/Debug-iphonesimulator/BetterSleep.app/Info.plist

SwiftDriver BetterSleep normal arm64 com.apple.xcode.tools.swift.compiler (in target 'BetterSleep' from project 'BetterSleep')
    cd /Users/littlegragon/work/better-sleep-trae
    builtin-SwiftDriver -- /Applications/Xcode.app/Contents/Developer/Toolchains/XcodeDefault.xctoolchain/usr/bin/swiftc -module-name BetterSleep -Onone -enforce-exclusivity\=checked @/Users/littlegragon/Library/Developer/Xcode/DerivedData/BetterSleep-aailiramiaforxemticnaedxmnaq/Build/Intermediates.noindex/BetterSleep.build/Debug-iphonesimulator/BetterSleep.build/Objects-normal/arm64/BetterSleep.SwiftFileList -DDEBUG -enable-bare-slash-regex -enable-experimental-feature DebugDescriptionMacro -sdk /Applications/Xcode.app/Contents/Developer/Platforms/iPhoneSimulator.platform/Developer/SDKs/iPhoneSimulator18.5.sdk -target arm64-apple-ios15.0-simulator -g -module-cache-path /Users/littlegragon/Library/Developer/Xcode/DerivedData/ModuleCache.noindex -Xfrontend -serialize-debugging-options -enable-testing -index-store-path /Users/littlegragon/Library/Developer/Xcode/DerivedData/BetterSleep-aailiramiaforxemticnaedxmnaq/Index.noindex/DataStore -swift-version 5 -I /Users/littlegragon/Library/Developer/Xcode/DerivedData/BetterSleep-aailiramiaforxemticnaedxmnaq/Build/Products/Debug-iphonesimulator -F /Users/littlegragon/Library/Developer/Xcode/DerivedData/BetterSleep-aailiramiaforxemticnaedxmnaq/Build/Products/Debug-iphonesimulator -c -j8 -enable-batch-mode -incremental -Xcc -ivfsstatcache -Xcc /Users/littlegragon/Library/Developer/Xcode/DerivedData/SDKStatCaches.noindex/iphonesimulator18.5-22F76-d5fc8ad4295d2ef488fb7d0f804ce0c4.sdkstatcache -output-file-map /Users/littlegragon/Library/Developer/Xcode/DerivedData/BetterSleep-aailiramiaforxemticnaedxmnaq/Build/Intermediates.noindex/BetterSleep.build/Debug-iphonesimulator/BetterSleep.build/Objects-normal/arm64/BetterSleep-OutputFileMap.json -use-frontend-parseable-output -save-temps -no-color-diagnostics -serialize-diagnostics -emit-dependencies -emit-module -emit-module-path /Users/littlegragon/Library/Developer/Xcode/DerivedData/BetterSleep-aailiramiaforxemticnaedxmnaq/Build/Intermediates.noindex/BetterSleep.build/Debug-iphonesimulator/BetterSleep.build/Objects-normal/arm64/BetterSleep.swiftmodule -validate-clang-modules-once -clang-build-session-file /Users/littlegragon/Library/Developer/Xcode/DerivedData/ModuleCache.noindex/Session.modulevalidation -Xcc -I/Users/littlegragon/Library/Developer/Xcode/DerivedData/BetterSleep-aailiramiaforxemticnaedxmnaq/Build/Intermediates.noindex/BetterSleep.build/Debug-iphonesimulator/BetterSleep.build/swift-overrides.hmap -emit-const-values -Xfrontend -const-gather-protocols-file -Xfrontend /Users/littlegragon/Library/Developer/Xcode/DerivedData/BetterSleep-aailiramiaforxemticnaedxmnaq/Build/Intermediates.noindex/BetterSleep.build/Debug-iphonesimulator/BetterSleep.build/Objects-normal/arm64/BetterSleep_const_extract_protocols.json -Xcc -iquote -Xcc /Users/littlegragon/Library/Developer/Xcode/DerivedData/BetterSleep-aailiramiaforxemticnaedxmnaq/Build/Intermediates.noindex/BetterSleep.build/Debug-iphonesimulator/BetterSleep.build/BetterSleep-generated-files.hmap -Xcc -I/Users/littlegragon/Library/Developer/Xcode/DerivedData/BetterSleep-aailiramiaforxemticnaedxmnaq/Build/Intermediates.noindex/BetterSleep.build/Debug-iphonesimulator/BetterSleep.build/BetterSleep-own-target-headers.hmap -Xcc -I/Users/littlegragon/Library/Developer/Xcode/DerivedData/BetterSleep-aailiramiaforxemticnaedxmnaq/Build/Intermediates.noindex/BetterSleep.build/Debug-iphonesimulator/BetterSleep.build/BetterSleep-all-target-headers.hmap -Xcc -iquote -Xcc /Users/littlegragon/Library/Developer/Xcode/DerivedData/BetterSleep-aailiramiaforxemticnaedxmnaq/Build/Intermediates.noindex/BetterSleep.build/Debug-iphonesimulator/BetterSleep.build/BetterSleep-project-headers.hmap -Xcc -I/Users/littlegragon/Library/Developer/Xcode/DerivedData/BetterSleep-aailiramiaforxemticnaedxmnaq/Build/Products/Debug-iphonesimulator/include -Xcc -I/Users/littlegragon/Library/Developer/Xcode/DerivedData/BetterSleep-aailiramiaforxemticnaedxmnaq/Build/Intermediates.noindex/BetterSleep.build/Debug-iphonesimulator/BetterSleep.build/DerivedSources-normal/arm64 -Xcc -I/Users/littlegragon/Library/Developer/Xcode/DerivedData/BetterSleep-aailiramiaforxemticnaedxmnaq/Build/Intermediates.noindex/BetterSleep.build/Debug-iphonesimulator/BetterSleep.build/DerivedSources/arm64 -Xcc -I/Users/littlegragon/Library/Developer/Xcode/DerivedData/BetterSleep-aailiramiaforxemticnaedxmnaq/Build/Intermediates.noindex/BetterSleep.build/Debug-iphonesimulator/BetterSleep.build/DerivedSources -Xcc -DDEBUG\=1 -emit-objc-header -emit-objc-header-path /Users/littlegragon/Library/Developer/Xcode/DerivedData/BetterSleep-aailiramiaforxemticnaedxmnaq/Build/Intermediates.noindex/BetterSleep.build/Debug-iphonesimulator/BetterSleep.build/Objects-normal/arm64/BetterSleep-Swift.h -working-directory /Users/littlegragon/work/better-sleep-trae -experimental-emit-module-separately -disable-cmo

SwiftCompile normal arm64 Compiling\ AudioSegmentsView.swift,\ AudioWaveformView.swift,\ BetterSleepApp.swift /Users/littlegragon/work/better-sleep-trae/Sources/BetterSleep/AudioSegmentsView.swift /Users/littlegragon/work/better-sleep-trae/Sources/BetterSleep/AudioWaveformView.swift /Users/littlegragon/work/better-sleep-trae/Sources/BetterSleep/BetterSleepApp.swift (in target 'BetterSleep' from project 'BetterSleep')

SwiftCompile normal arm64 /Users/littlegragon/work/better-sleep-trae/Sources/BetterSleep/AudioSegmentsView.swift (in target 'BetterSleep' from project 'BetterSleep')
    cd /Users/littlegragon/work/better-sleep-trae
    

SwiftCompile normal arm64 /Users/littlegragon/work/better-sleep-trae/Sources/BetterSleep/AudioWaveformView.swift (in target 'BetterSleep' from project 'BetterSleep')
    cd /Users/littlegragon/work/better-sleep-trae
    

SwiftCompile normal arm64 /Users/littlegragon/work/better-sleep-trae/Sources/BetterSleep/BetterSleepApp.swift (in target 'BetterSleep' from project 'BetterSleep')
    cd /Users/littlegragon/work/better-sleep-trae
    

SwiftCompile normal arm64 Compiling\ AppDelegate.swift,\ AudioClassifier.swift,\ AudioPlayer.swift /Users/littlegragon/work/better-sleep-trae/Sources/BetterSleep/AppDelegate.swift /Users/littlegragon/work/better-sleep-trae/Sources/BetterSleep/AudioClassifier.swift /Users/littlegragon/work/better-sleep-trae/Sources/BetterSleep/AudioPlayer.swift (in target 'BetterSleep' from project 'BetterSleep')

SwiftCompile normal arm64 /Users/littlegragon/work/better-sleep-trae/Sources/BetterSleep/AppDelegate.swift (in target 'BetterSleep' from project 'BetterSleep')
    cd /Users/littlegragon/work/better-sleep-trae
    

SwiftCompile normal arm64 /Users/littlegragon/work/better-sleep-trae/Sources/BetterSleep/AudioClassifier.swift (in target 'BetterSleep' from project 'BetterSleep')
    cd /Users/littlegragon/work/better-sleep-trae
    

SwiftCompile normal arm64 /Users/littlegragon/work/better-sleep-trae/Sources/BetterSleep/AudioPlayer.swift (in target 'BetterSleep' from project 'BetterSleep')
    cd /Users/littlegragon/work/better-sleep-trae
    

SwiftCompile normal arm64 Compiling\ SleepDataManager.swift,\ TimerSettingView.swift /Users/littlegragon/work/better-sleep-trae/Sources/BetterSleep/SleepDataManager.swift /Users/littlegragon/work/better-sleep-trae/Sources/BetterSleep/TimerSettingView.swift (in target 'BetterSleep' from project 'BetterSleep')

SwiftCompile normal arm64 /Users/littlegragon/work/better-sleep-trae/Sources/BetterSleep/SleepDataManager.swift (in target 'BetterSleep' from project 'BetterSleep')
    cd /Users/littlegragon/work/better-sleep-trae
    

SwiftCompile normal arm64 /Users/littlegragon/work/better-sleep-trae/Sources/BetterSleep/TimerSettingView.swift (in target 'BetterSleep' from project 'BetterSleep')
    cd /Users/littlegragon/work/better-sleep-trae
    

SwiftCompile normal arm64 Compiling\ UserSettings.swift,\ Snoring\ 1.swift /Users/littlegragon/work/better-sleep-trae/Sources/BetterSleep/UserSettings.swift /Users/littlegragon/Library/Developer/Xcode/DerivedData/BetterSleep-aailiramiaforxemticnaedxmnaq/Build/Intermediates.noindex/BetterSleep.build/Debug-iphonesimulator/BetterSleep.build/DerivedSources/CoreMLGenerated/Snoring\ 1/Snoring\ 1.swift (in target 'BetterSleep' from project 'BetterSleep')

SwiftCompile normal arm64 /Users/littlegragon/work/better-sleep-trae/Sources/BetterSleep/UserSettings.swift (in target 'BetterSleep' from project 'BetterSleep')
    cd /Users/littlegragon/work/better-sleep-trae
    

SwiftCompile normal arm64 /Users/littlegragon/Library/Developer/Xcode/DerivedData/BetterSleep-aailiramiaforxemticnaedxmnaq/Build/Intermediates.noindex/BetterSleep.build/Debug-iphonesimulator/BetterSleep.build/DerivedSources/CoreMLGenerated/Snoring\ 1/Snoring\ 1.swift (in target 'BetterSleep' from project 'BetterSleep')
    cd /Users/littlegragon/work/better-sleep-trae
    

SwiftCompile normal arm64 Compiling\ RecordingManager.swift,\ SettingsView.swift /Users/littlegragon/work/better-sleep-trae/Sources/BetterSleep/RecordingManager.swift /Users/littlegragon/work/better-sleep-trae/Sources/BetterSleep/SettingsView.swift (in target 'BetterSleep' from project 'BetterSleep')

SwiftCompile normal arm64 /Users/littlegragon/work/better-sleep-trae/Sources/BetterSleep/RecordingManager.swift (in target 'BetterSleep' from project 'BetterSleep')
    cd /Users/littlegragon/work/better-sleep-trae
    

SwiftCompile normal arm64 /Users/littlegragon/work/better-sleep-trae/Sources/BetterSleep/SettingsView.swift (in target 'BetterSleep' from project 'BetterSleep')
    cd /Users/littlegragon/work/better-sleep-trae
    

SwiftEmitModule normal arm64 Emitting\ module\ for\ BetterSleep (in target 'BetterSleep' from project 'BetterSleep')

EmitSwiftModule normal arm64 (in target 'BetterSleep' from project 'BetterSleep')
    cd /Users/littlegragon/work/better-sleep-trae
    

SwiftCompile normal arm64 Compiling\ ContentView.swift,\ Models.swift /Users/littlegragon/work/better-sleep-trae/Sources/BetterSleep/ContentView.swift /Users/littlegragon/work/better-sleep-trae/Sources/BetterSleep/Models.swift (in target 'BetterSleep' from project 'BetterSleep')

SwiftCompile normal arm64 /Users/littlegragon/work/better-sleep-trae/Sources/BetterSleep/ContentView.swift (in target 'BetterSleep' from project 'BetterSleep')
    cd /Users/littlegragon/work/better-sleep-trae
    

SwiftCompile normal arm64 /Users/littlegragon/work/better-sleep-trae/Sources/BetterSleep/Models.swift (in target 'BetterSleep' from project 'BetterSleep')
    cd /Users/littlegragon/work/better-sleep-trae
    

SwiftCompile normal arm64 Compiling\ CloudManager.swift,\ CloudRecordingsView.swift /Users/littlegragon/work/better-sleep-trae/Sources/BetterSleep/CloudManager.swift /Users/littlegragon/work/better-sleep-trae/Sources/BetterSleep/CloudRecordingsView.swift (in target 'BetterSleep' from project 'BetterSleep')

SwiftCompile normal arm64 /Users/littlegragon/work/better-sleep-trae/Sources/BetterSleep/CloudManager.swift (in target 'BetterSleep' from project 'BetterSleep')
    cd /Users/littlegragon/work/better-sleep-trae
    

SwiftCompile normal arm64 /Users/littlegragon/work/better-sleep-trae/Sources/BetterSleep/CloudRecordingsView.swift (in target 'BetterSleep' from project 'BetterSleep')
    cd /Users/littlegragon/work/better-sleep-trae
    

SwiftCompile normal arm64 Compiling\ AudioRecorder.swift,\ AudioSegment.swift,\ AudioSegmentManager.swift /Users/littlegragon/work/better-sleep-trae/Sources/BetterSleep/AudioRecorder.swift /Users/littlegragon/work/better-sleep-trae/Sources/BetterSleep/AudioSegment.swift /Users/littlegragon/work/better-sleep-trae/Sources/BetterSleep/AudioSegmentManager.swift (in target 'BetterSleep' from project 'BetterSleep')
SwiftCompile normal arm64 /Users/littlegragon/work/better-sleep-trae/Sources/BetterSleep/AudioRecorder.swift (in target 'BetterSleep' from project 'BetterSleep')
    cd /Users/littlegragon/work/better-sleep-trae
    

SwiftCompile normal arm64 /Users/littlegragon/work/better-sleep-trae/Sources/BetterSleep/AudioSegment.swift (in target 'BetterSleep' from project 'BetterSleep')
    cd /Users/littlegragon/work/better-sleep-trae
    

SwiftCompile normal arm64 /Users/littlegragon/work/better-sleep-trae/Sources/BetterSleep/AudioSegmentManager.swift (in target 'BetterSleep' from project 'BetterSleep')
    cd /Users/littlegragon/work/better-sleep-trae
    

SwiftDriverJobDiscovery normal arm64 Emitting module for BetterSleep (in target 'BetterSleep' from project 'BetterSleep')

SwiftDriver\ Compilation\ Requirements BetterSleep normal arm64 com.apple.xcode.tools.swift.compiler (in target 'BetterSleep' from project 'BetterSleep')
    cd /Users/littlegragon/work/better-sleep-trae
    builtin-Swift-Compilation-Requirements -- /Applications/Xcode.app/Contents/Developer/Toolchains/XcodeDefault.xctoolchain/usr/bin/swiftc -module-name BetterSleep -Onone -enforce-exclusivity\=checked @/Users/littlegragon/Library/Developer/Xcode/DerivedData/BetterSleep-aailiramiaforxemticnaedxmnaq/Build/Intermediates.noindex/BetterSleep.build/Debug-iphonesimulator/BetterSleep.build/Objects-normal/arm64/BetterSleep.SwiftFileList -DDEBUG -enable-bare-slash-regex -enable-experimental-feature DebugDescriptionMacro -sdk /Applications/Xcode.app/Contents/Developer/Platforms/iPhoneSimulator.platform/Developer/SDKs/iPhoneSimulator18.5.sdk -target arm64-apple-ios15.0-simulator -g -module-cache-path /Users/littlegragon/Library/Developer/Xcode/DerivedData/ModuleCache.noindex -Xfrontend -serialize-debugging-options -enable-testing -index-store-path /Users/littlegragon/Library/Developer/Xcode/DerivedData/BetterSleep-aailiramiaforxemticnaedxmnaq/Index.noindex/DataStore -swift-version 5 -I /Users/littlegragon/Library/Developer/Xcode/DerivedData/BetterSleep-aailiramiaforxemticnaedxmnaq/Build/Products/Debug-iphonesimulator -F /Users/littlegragon/Library/Developer/Xcode/DerivedData/BetterSleep-aailiramiaforxemticnaedxmnaq/Build/Products/Debug-iphonesimulator -c -j8 -enable-batch-mode -incremental -Xcc -ivfsstatcache -Xcc /Users/littlegragon/Library/Developer/Xcode/DerivedData/SDKStatCaches.noindex/iphonesimulator18.5-22F76-d5fc8ad4295d2ef488fb7d0f804ce0c4.sdkstatcache -output-file-map /Users/littlegragon/Library/Developer/Xcode/DerivedData/BetterSleep-aailiramiaforxemticnaedxmnaq/Build/Intermediates.noindex/BetterSleep.build/Debug-iphonesimulator/BetterSleep.build/Objects-normal/arm64/BetterSleep-OutputFileMap.json -use-frontend-parseable-output -save-temps -no-color-diagnostics -serialize-diagnostics -emit-dependencies -emit-module -emit-module-path /Users/littlegragon/Library/Developer/Xcode/DerivedData/BetterSleep-aailiramiaforxemticnaedxmnaq/Build/Intermediates.noindex/BetterSleep.build/Debug-iphonesimulator/BetterSleep.build/Objects-normal/arm64/BetterSleep.swiftmodule -validate-clang-modules-once -clang-build-session-file /Users/littlegragon/Library/Developer/Xcode/DerivedData/ModuleCache.noindex/Session.modulevalidation -Xcc -I/Users/littlegragon/Library/Developer/Xcode/DerivedData/BetterSleep-aailiramiaforxemticnaedxmnaq/Build/Intermediates.noindex/BetterSleep.build/Debug-iphonesimulator/BetterSleep.build/swift-overrides.hmap -emit-const-values -Xfrontend -const-gather-protocols-file -Xfrontend /Users/littlegragon/Library/Developer/Xcode/DerivedData/BetterSleep-aailiramiaforxemticnaedxmnaq/Build/Intermediates.noindex/BetterSleep.build/Debug-iphonesimulator/BetterSleep.build/Objects-normal/arm64/BetterSleep_const_extract_protocols.json -Xcc -iquote -Xcc /Users/littlegragon/Library/Developer/Xcode/DerivedData/BetterSleep-aailiramiaforxemticnaedxmnaq/Build/Intermediates.noindex/BetterSleep.build/Debug-iphonesimulator/BetterSleep.build/BetterSleep-generated-files.hmap -Xcc -I/Users/littlegragon/Library/Developer/Xcode/DerivedData/BetterSleep-aailiramiaforxemticnaedxmnaq/Build/Intermediates.noindex/BetterSleep.build/Debug-iphonesimulator/BetterSleep.build/BetterSleep-own-target-headers.hmap -Xcc -I/Users/littlegragon/Library/Developer/Xcode/DerivedData/BetterSleep-aailiramiaforxemticnaedxmnaq/Build/Intermediates.noindex/BetterSleep.build/Debug-iphonesimulator/BetterSleep.build/BetterSleep-all-target-headers.hmap -Xcc -iquote -Xcc /Users/littlegragon/Library/Developer/Xcode/DerivedData/BetterSleep-aailiramiaforxemticnaedxmnaq/Build/Intermediates.noindex/BetterSleep.build/Debug-iphonesimulator/BetterSleep.build/BetterSleep-project-headers.hmap -Xcc -I/Users/littlegragon/Library/Developer/Xcode/DerivedData/BetterSleep-aailiramiaforxemticnaedxmnaq/Build/Products/Debug-iphonesimulator/include -Xcc -I/Users/littlegragon/Library/Developer/Xcode/DerivedData/BetterSleep-aailiramiaforxemticnaedxmnaq/Build/Intermediates.noindex/BetterSleep.build/Debug-iphonesimulator/BetterSleep.build/DerivedSources-normal/arm64 -Xcc -I/Users/littlegragon/Library/Developer/Xcode/DerivedData/BetterSleep-aailiramiaforxemticnaedxmnaq/Build/Intermediates.noindex/BetterSleep.build/Debug-iphonesimulator/BetterSleep.build/DerivedSources/arm64 -Xcc -I/Users/littlegragon/Library/Developer/Xcode/DerivedData/BetterSleep-aailiramiaforxemticnaedxmnaq/Build/Intermediates.noindex/BetterSleep.build/Debug-iphonesimulator/BetterSleep.build/DerivedSources -Xcc -DDEBUG\=1 -emit-objc-header -emit-objc-header-path /Users/littlegragon/Library/Developer/Xcode/DerivedData/BetterSleep-aailiramiaforxemticnaedxmnaq/Build/Intermediates.noindex/BetterSleep.build/Debug-iphonesimulator/BetterSleep.build/Objects-normal/arm64/BetterSleep-Swift.h -working-directory /Users/littlegragon/work/better-sleep-trae -experimental-emit-module-separately -disable-cmo

SwiftDriverJobDiscovery normal arm64 Compiling UserSettings.swift, Snoring 1.swift (in target 'BetterSleep' from project 'BetterSleep')

SwiftMergeGeneratedHeaders /Users/littlegragon/Library/Developer/Xcode/DerivedData/BetterSleep-aailiramiaforxemticnaedxmnaq/Build/Intermediates.noindex/BetterSleep.build/Debug-iphonesimulator/BetterSleep.build/DerivedSources/BetterSleep-Swift.h /Users/littlegragon/Library/Developer/Xcode/DerivedData/BetterSleep-aailiramiaforxemticnaedxmnaq/Build/Intermediates.noindex/BetterSleep.build/Debug-iphonesimulator/BetterSleep.build/Objects-normal/arm64/BetterSleep-Swift.h (in target 'BetterSleep' from project 'BetterSleep')
    cd /Users/littlegragon/work/better-sleep-trae
    builtin-swiftHeaderTool -arch arm64 /Users/littlegragon/Library/Developer/Xcode/DerivedData/BetterSleep-aailiramiaforxemticnaedxmnaq/Build/Intermediates.noindex/BetterSleep.build/Debug-iphonesimulator/BetterSleep.build/Objects-normal/arm64/BetterSleep-Swift.h -o /Users/littlegragon/Library/Developer/Xcode/DerivedData/BetterSleep-aailiramiaforxemticnaedxmnaq/Build/Intermediates.noindex/BetterSleep.build/Debug-iphonesimulator/BetterSleep.build/DerivedSources/BetterSleep-Swift.h

Copy /Users/littlegragon/Library/Developer/Xcode/DerivedData/BetterSleep-aailiramiaforxemticnaedxmnaq/Build/Products/Debug-iphonesimulator/BetterSleep.swiftmodule/arm64-apple-ios-simulator.swiftmodule /Users/littlegragon/Library/Developer/Xcode/DerivedData/BetterSleep-aailiramiaforxemticnaedxmnaq/Build/Intermediates.noindex/BetterSleep.build/Debug-iphonesimulator/BetterSleep.build/Objects-normal/arm64/BetterSleep.swiftmodule (in target 'BetterSleep' from project 'BetterSleep')
    cd /Users/littlegragon/work/better-sleep-trae
    builtin-copy -exclude .DS_Store -exclude CVS -exclude .svn -exclude .git -exclude .hg -resolve-src-symlinks -rename /Users/littlegragon/Library/Developer/Xcode/DerivedData/BetterSleep-aailiramiaforxemticnaedxmnaq/Build/Intermediates.noindex/BetterSleep.build/Debug-iphonesimulator/BetterSleep.build/Objects-normal/arm64/BetterSleep.swiftmodule /Users/littlegragon/Library/Developer/Xcode/DerivedData/BetterSleep-aailiramiaforxemticnaedxmnaq/Build/Products/Debug-iphonesimulator/BetterSleep.swiftmodule/arm64-apple-ios-simulator.swiftmodule

Copy /Users/littlegragon/Library/Developer/Xcode/DerivedData/BetterSleep-aailiramiaforxemticnaedxmnaq/Build/Products/Debug-iphonesimulator/BetterSleep.swiftmodule/arm64-apple-ios-simulator.swiftdoc /Users/littlegragon/Library/Developer/Xcode/DerivedData/BetterSleep-aailiramiaforxemticnaedxmnaq/Build/Intermediates.noindex/BetterSleep.build/Debug-iphonesimulator/BetterSleep.build/Objects-normal/arm64/BetterSleep.swiftdoc (in target 'BetterSleep' from project 'BetterSleep')
    cd /Users/littlegragon/work/better-sleep-trae
    builtin-copy -exclude .DS_Store -exclude CVS -exclude .svn -exclude .git -exclude .hg -resolve-src-symlinks -rename /Users/littlegragon/Library/Developer/Xcode/DerivedData/BetterSleep-aailiramiaforxemticnaedxmnaq/Build/Intermediates.noindex/BetterSleep.build/Debug-iphonesimulator/BetterSleep.build/Objects-normal/arm64/BetterSleep.swiftdoc /Users/littlegragon/Library/Developer/Xcode/DerivedData/BetterSleep-aailiramiaforxemticnaedxmnaq/Build/Products/Debug-iphonesimulator/BetterSleep.swiftmodule/arm64-apple-ios-simulator.swiftdoc

Copy /Users/littlegragon/Library/Developer/Xcode/DerivedData/BetterSleep-aailiramiaforxemticnaedxmnaq/Build/Products/Debug-iphonesimulator/BetterSleep.swiftmodule/arm64-apple-ios-simulator.abi.json /Users/littlegragon/Library/Developer/Xcode/DerivedData/BetterSleep-aailiramiaforxemticnaedxmnaq/Build/Intermediates.noindex/BetterSleep.build/Debug-iphonesimulator/BetterSleep.build/Objects-normal/arm64/BetterSleep.abi.json (in target 'BetterSleep' from project 'BetterSleep')
    cd /Users/littlegragon/work/better-sleep-trae
    builtin-copy -exclude .DS_Store -exclude CVS -exclude .svn -exclude .git -exclude .hg -resolve-src-symlinks -rename /Users/littlegragon/Library/Developer/Xcode/DerivedData/BetterSleep-aailiramiaforxemticnaedxmnaq/Build/Intermediates.noindex/BetterSleep.build/Debug-iphonesimulator/BetterSleep.build/Objects-normal/arm64/BetterSleep.abi.json /Users/littlegragon/Library/Developer/Xcode/DerivedData/BetterSleep-aailiramiaforxemticnaedxmnaq/Build/Products/Debug-iphonesimulator/BetterSleep.swiftmodule/arm64-apple-ios-simulator.abi.json

Copy /Users/littlegragon/Library/Developer/Xcode/DerivedData/BetterSleep-aailiramiaforxemticnaedxmnaq/Build/Products/Debug-iphonesimulator/BetterSleep.swiftmodule/Project/arm64-apple-ios-simulator.swiftsourceinfo /Users/littlegragon/Library/Developer/Xcode/DerivedData/BetterSleep-aailiramiaforxemticnaedxmnaq/Build/Intermediates.noindex/BetterSleep.build/Debug-iphonesimulator/BetterSleep.build/Objects-normal/arm64/BetterSleep.swiftsourceinfo (in target 'BetterSleep' from project 'BetterSleep')
    cd /Users/littlegragon/work/better-sleep-trae
    builtin-copy -exclude .DS_Store -exclude CVS -exclude .svn -exclude .git -exclude .hg -resolve-src-symlinks -rename /Users/littlegragon/Library/Developer/Xcode/DerivedData/BetterSleep-aailiramiaforxemticnaedxmnaq/Build/Intermediates.noindex/BetterSleep.build/Debug-iphonesimulator/BetterSleep.build/Objects-normal/arm64/BetterSleep.swiftsourceinfo /Users/littlegragon/Library/Developer/Xcode/DerivedData/BetterSleep-aailiramiaforxemticnaedxmnaq/Build/Products/Debug-iphonesimulator/BetterSleep.swiftmodule/Project/arm64-apple-ios-simulator.swiftsourceinfo

SwiftDriverJobDiscovery normal arm64 Compiling SleepDataManager.swift, TimerSettingView.swift (in target 'BetterSleep' from project 'BetterSleep')

SwiftDriverJobDiscovery normal arm64 Compiling AppDelegate.swift, AudioClassifier.swift, AudioPlayer.swift (in target 'BetterSleep' from project 'BetterSleep')

SwiftDriverJobDiscovery normal arm64 Compiling RecordingManager.swift, SettingsView.swift (in target 'BetterSleep' from project 'BetterSleep')

SwiftDriverJobDiscovery normal arm64 Compiling CloudManager.swift, CloudRecordingsView.swift (in target 'BetterSleep' from project 'BetterSleep')

SwiftDriverJobDiscovery normal arm64 Compiling ContentView.swift, Models.swift (in target 'BetterSleep' from project 'BetterSleep')

SwiftDriverJobDiscovery normal arm64 Compiling AudioSegmentsView.swift, AudioWaveformView.swift, BetterSleepApp.swift (in target 'BetterSleep' from project 'BetterSleep')

SwiftDriverJobDiscovery normal arm64 Compiling AudioRecorder.swift, AudioSegment.swift, AudioSegmentManager.swift (in target 'BetterSleep' from project 'BetterSleep')

SwiftDriver\ Compilation BetterSleep normal arm64 com.apple.xcode.tools.swift.compiler (in target 'BetterSleep' from project 'BetterSleep')
    cd /Users/littlegragon/work/better-sleep-trae
    builtin-Swift-Compilation -- /Applications/Xcode.app/Contents/Developer/Toolchains/XcodeDefault.xctoolchain/usr/bin/swiftc -module-name BetterSleep -Onone -enforce-exclusivity\=checked @/Users/littlegragon/Library/Developer/Xcode/DerivedData/BetterSleep-aailiramiaforxemticnaedxmnaq/Build/Intermediates.noindex/BetterSleep.build/Debug-iphonesimulator/BetterSleep.build/Objects-normal/arm64/BetterSleep.SwiftFileList -DDEBUG -enable-bare-slash-regex -enable-experimental-feature DebugDescriptionMacro -sdk /Applications/Xcode.app/Contents/Developer/Platforms/iPhoneSimulator.platform/Developer/SDKs/iPhoneSimulator18.5.sdk -target arm64-apple-ios15.0-simulator -g -module-cache-path /Users/littlegragon/Library/Developer/Xcode/DerivedData/ModuleCache.noindex -Xfrontend -serialize-debugging-options -enable-testing -index-store-path /Users/littlegragon/Library/Developer/Xcode/DerivedData/BetterSleep-aailiramiaforxemticnaedxmnaq/Index.noindex/DataStore -swift-version 5 -I /Users/littlegragon/Library/Developer/Xcode/DerivedData/BetterSleep-aailiramiaforxemticnaedxmnaq/Build/Products/Debug-iphonesimulator -F /Users/littlegragon/Library/Developer/Xcode/DerivedData/BetterSleep-aailiramiaforxemticnaedxmnaq/Build/Products/Debug-iphonesimulator -c -j8 -enable-batch-mode -incremental -Xcc -ivfsstatcache -Xcc /Users/littlegragon/Library/Developer/Xcode/DerivedData/SDKStatCaches.noindex/iphonesimulator18.5-22F76-d5fc8ad4295d2ef488fb7d0f804ce0c4.sdkstatcache -output-file-map /Users/littlegragon/Library/Developer/Xcode/DerivedData/BetterSleep-aailiramiaforxemticnaedxmnaq/Build/Intermediates.noindex/BetterSleep.build/Debug-iphonesimulator/BetterSleep.build/Objects-normal/arm64/BetterSleep-OutputFileMap.json -use-frontend-parseable-output -save-temps -no-color-diagnostics -serialize-diagnostics -emit-dependencies -emit-module -emit-module-path /Users/littlegragon/Library/Developer/Xcode/DerivedData/BetterSleep-aailiramiaforxemticnaedxmnaq/Build/Intermediates.noindex/BetterSleep.build/Debug-iphonesimulator/BetterSleep.build/Objects-normal/arm64/BetterSleep.swiftmodule -validate-clang-modules-once -clang-build-session-file /Users/littlegragon/Library/Developer/Xcode/DerivedData/ModuleCache.noindex/Session.modulevalidation -Xcc -I/Users/littlegragon/Library/Developer/Xcode/DerivedData/BetterSleep-aailiramiaforxemticnaedxmnaq/Build/Intermediates.noindex/BetterSleep.build/Debug-iphonesimulator/BetterSleep.build/swift-overrides.hmap -emit-const-values -Xfrontend -const-gather-protocols-file -Xfrontend /Users/littlegragon/Library/Developer/Xcode/DerivedData/BetterSleep-aailiramiaforxemticnaedxmnaq/Build/Intermediates.noindex/BetterSleep.build/Debug-iphonesimulator/BetterSleep.build/Objects-normal/arm64/BetterSleep_const_extract_protocols.json -Xcc -iquote -Xcc /Users/littlegragon/Library/Developer/Xcode/DerivedData/BetterSleep-aailiramiaforxemticnaedxmnaq/Build/Intermediates.noindex/BetterSleep.build/Debug-iphonesimulator/BetterSleep.build/BetterSleep-generated-files.hmap -Xcc -I/Users/littlegragon/Library/Developer/Xcode/DerivedData/BetterSleep-aailiramiaforxemticnaedxmnaq/Build/Intermediates.noindex/BetterSleep.build/Debug-iphonesimulator/BetterSleep.build/BetterSleep-own-target-headers.hmap -Xcc -I/Users/littlegragon/Library/Developer/Xcode/DerivedData/BetterSleep-aailiramiaforxemticnaedxmnaq/Build/Intermediates.noindex/BetterSleep.build/Debug-iphonesimulator/BetterSleep.build/BetterSleep-all-target-headers.hmap -Xcc -iquote -Xcc /Users/littlegragon/Library/Developer/Xcode/DerivedData/BetterSleep-aailiramiaforxemticnaedxmnaq/Build/Intermediates.noindex/BetterSleep.build/Debug-iphonesimulator/BetterSleep.build/BetterSleep-project-headers.hmap -Xcc -I/Users/littlegragon/Library/Developer/Xcode/DerivedData/BetterSleep-aailiramiaforxemticnaedxmnaq/Build/Products/Debug-iphonesimulator/include -Xcc -I/Users/littlegragon/Library/Developer/Xcode/DerivedData/BetterSleep-aailiramiaforxemticnaedxmnaq/Build/Intermediates.noindex/BetterSleep.build/Debug-iphonesimulator/BetterSleep.build/DerivedSources-normal/arm64 -Xcc -I/Users/littlegragon/Library/Developer/Xcode/DerivedData/BetterSleep-aailiramiaforxemticnaedxmnaq/Build/Intermediates.noindex/BetterSleep.build/Debug-iphonesimulator/BetterSleep.build/DerivedSources/arm64 -Xcc -I/Users/littlegragon/Library/Developer/Xcode/DerivedData/BetterSleep-aailiramiaforxemticnaedxmnaq/Build/Intermediates.noindex/BetterSleep.build/Debug-iphonesimulator/BetterSleep.build/DerivedSources -Xcc -DDEBUG\=1 -emit-objc-header -emit-objc-header-path /Users/littlegragon/Library/Developer/Xcode/DerivedData/BetterSleep-aailiramiaforxemticnaedxmnaq/Build/Intermediates.noindex/BetterSleep.build/Debug-iphonesimulator/BetterSleep.build/Objects-normal/arm64/BetterSleep-Swift.h -working-directory /Users/littlegragon/work/better-sleep-trae -experimental-emit-module-separately -disable-cmo

Ld /Users/littlegragon/Library/Developer/Xcode/DerivedData/BetterSleep-aailiramiaforxemticnaedxmnaq/Build/Products/Debug-iphonesimulator/BetterSleep.app/BetterSleep.debug.dylib normal (in target 'BetterSleep' from project 'BetterSleep')
    cd /Users/littlegragon/work/better-sleep-trae
    /Applications/Xcode.app/Contents/Developer/Toolchains/XcodeDefault.xctoolchain/usr/bin/clang -Xlinker -reproducible -target arm64-apple-ios15.0-simulator -dynamiclib -isysroot /Applications/Xcode.app/Contents/Developer/Platforms/iPhoneSimulator.platform/Developer/SDKs/iPhoneSimulator18.5.sdk -O0 -L/Users/littlegragon/Library/Developer/Xcode/DerivedData/BetterSleep-aailiramiaforxemticnaedxmnaq/Build/Intermediates.noindex/EagerLinkingTBDs/Debug-iphonesimulator -L/Users/littlegragon/Library/Developer/Xcode/DerivedData/BetterSleep-aailiramiaforxemticnaedxmnaq/Build/Products/Debug-iphonesimulator -F/Users/littlegragon/Library/Developer/Xcode/DerivedData/BetterSleep-aailiramiaforxemticnaedxmnaq/Build/Intermediates.noindex/EagerLinkingTBDs/Debug-iphonesimulator -F/Users/littlegragon/Library/Developer/Xcode/DerivedData/BetterSleep-aailiramiaforxemticnaedxmnaq/Build/Products/Debug-iphonesimulator -filelist /Users/littlegragon/Library/Developer/Xcode/DerivedData/BetterSleep-aailiramiaforxemticnaedxmnaq/Build/Intermediates.noindex/BetterSleep.build/Debug-iphonesimulator/BetterSleep.build/Objects-normal/arm64/BetterSleep.LinkFileList -install_name @rpath/BetterSleep.debug.dylib -Xlinker -rpath -Xlinker @executable_path/Frameworks -dead_strip -Xlinker -object_path_lto -Xlinker /Users/littlegragon/Library/Developer/Xcode/DerivedData/BetterSleep-aailiramiaforxemticnaedxmnaq/Build/Intermediates.noindex/BetterSleep.build/Debug-iphonesimulator/BetterSleep.build/Objects-normal/arm64/BetterSleep_lto.o -rdynamic -Xlinker -no_deduplicate -Xlinker -objc_abi_version -Xlinker 2 -Xlinker -dependency_info -Xlinker /Users/littlegragon/Library/Developer/Xcode/DerivedData/BetterSleep-aailiramiaforxemticnaedxmnaq/Build/Intermediates.noindex/BetterSleep.build/Debug-iphonesimulator/BetterSleep.build/Objects-normal/arm64/BetterSleep_dependency_info.dat -fobjc-link-runtime -L/Applications/Xcode.app/Contents/Developer/Toolchains/XcodeDefault.xctoolchain/usr/lib/swift/iphonesimulator -L/usr/lib/swift -Xlinker -add_ast_path -Xlinker /Users/littlegragon/Library/Developer/Xcode/DerivedData/BetterSleep-aailiramiaforxemticnaedxmnaq/Build/Intermediates.noindex/BetterSleep.build/Debug-iphonesimulator/BetterSleep.build/Objects-normal/arm64/BetterSleep.swiftmodule -Xlinker -alias -Xlinker _main -Xlinker ___debug_main_executable_dylib_entry_point -framework SoundAnalysis -framework CoreML -framework Speech -framework AVFoundation -framework Accelerate -framework AudioToolbox -framework CoreAudio -Xlinker -no_adhoc_codesign -o /Users/littlegragon/Library/Developer/Xcode/DerivedData/BetterSleep-aailiramiaforxemticnaedxmnaq/Build/Products/Debug-iphonesimulator/BetterSleep.app/BetterSleep.debug.dylib

ConstructStubExecutorLinkFileList /Users/littlegragon/Library/Developer/Xcode/DerivedData/BetterSleep-aailiramiaforxemticnaedxmnaq/Build/Intermediates.noindex/BetterSleep.build/Debug-iphonesimulator/BetterSleep.build/BetterSleep-ExecutorLinkFileList-normal-arm64.txt (in target 'BetterSleep' from project 'BetterSleep')
    cd /Users/littlegragon/work/better-sleep-trae
    construct-stub-executor-link-file-list /Users/littlegragon/Library/Developer/Xcode/DerivedData/BetterSleep-aailiramiaforxemticnaedxmnaq/Build/Products/Debug-iphonesimulator/BetterSleep.app/BetterSleep.debug.dylib /Applications/Xcode.app/Contents/Developer/Platforms/iPhoneSimulator.platform/Developer/usr/lib/libPreviewsJITStubExecutor_no_swift_entry_point.a /Applications/Xcode.app/Contents/Developer/Platforms/iPhoneSimulator.platform/Developer/usr/lib/libPreviewsJITStubExecutor.a --output /Users/littlegragon/Library/Developer/Xcode/DerivedData/BetterSleep-aailiramiaforxemticnaedxmnaq/Build/Intermediates.noindex/BetterSleep.build/Debug-iphonesimulator/BetterSleep.build/BetterSleep-ExecutorLinkFileList-normal-arm64.txt
note: Using stub executor library with Swift entry point. (in target 'BetterSleep' from project 'BetterSleep')

Ld /Users/littlegragon/Library/Developer/Xcode/DerivedData/BetterSleep-aailiramiaforxemticnaedxmnaq/Build/Products/Debug-iphonesimulator/BetterSleep.app/BetterSleep normal (in target 'BetterSleep' from project 'BetterSleep')
    cd /Users/littlegragon/work/better-sleep-trae
    /Applications/Xcode.app/Contents/Developer/Toolchains/XcodeDefault.xctoolchain/usr/bin/clang -Xlinker -reproducible -target arm64-apple-ios15.0-simulator -isysroot /Applications/Xcode.app/Contents/Developer/Platforms/iPhoneSimulator.platform/Developer/SDKs/iPhoneSimulator18.5.sdk -O0 -L/Users/littlegragon/Library/Developer/Xcode/DerivedData/BetterSleep-aailiramiaforxemticnaedxmnaq/Build/Products/Debug-iphonesimulator -F/Users/littlegragon/Library/Developer/Xcode/DerivedData/BetterSleep-aailiramiaforxemticnaedxmnaq/Build/Products/Debug-iphonesimulator -Xlinker -rpath -Xlinker @executable_path -Xlinker -rpath -Xlinker @executable_path/Frameworks -rdynamic -Xlinker -no_deduplicate -Xlinker -objc_abi_version -Xlinker 2 -e ___debug_blank_executor_main -Xlinker -sectcreate -Xlinker __TEXT -Xlinker __debug_dylib -Xlinker /Users/littlegragon/Library/Developer/Xcode/DerivedData/BetterSleep-aailiramiaforxemticnaedxmnaq/Build/Intermediates.noindex/BetterSleep.build/Debug-iphonesimulator/BetterSleep.build/BetterSleep-DebugDylibPath-normal-arm64.txt -Xlinker -sectcreate -Xlinker __TEXT -Xlinker __debug_instlnm -Xlinker /Users/littlegragon/Library/Developer/Xcode/DerivedData/BetterSleep-aailiramiaforxemticnaedxmnaq/Build/Intermediates.noindex/BetterSleep.build/Debug-iphonesimulator/BetterSleep.build/BetterSleep-DebugDylibInstallName-normal-arm64.txt -Xlinker -filelist -Xlinker /Users/littlegragon/Library/Developer/Xcode/DerivedData/BetterSleep-aailiramiaforxemticnaedxmnaq/Build/Intermediates.noindex/BetterSleep.build/Debug-iphonesimulator/BetterSleep.build/BetterSleep-ExecutorLinkFileList-normal-arm64.txt -Xlinker -sectcreate -Xlinker __TEXT -Xlinker __entitlements -Xlinker /Users/littlegragon/Library/Developer/Xcode/DerivedData/BetterSleep-aailiramiaforxemticnaedxmnaq/Build/Intermediates.noindex/BetterSleep.build/Debug-iphonesimulator/BetterSleep.build/BetterSleep.app-Simulated.xcent -Xlinker -sectcreate -Xlinker __TEXT -Xlinker __ents_der -Xlinker /Users/littlegragon/Library/Developer/Xcode/DerivedData/BetterSleep-aailiramiaforxemticnaedxmnaq/Build/Intermediates.noindex/BetterSleep.build/Debug-iphonesimulator/BetterSleep.build/BetterSleep.app-Simulated.xcent.der /Users/littlegragon/Library/Developer/Xcode/DerivedData/BetterSleep-aailiramiaforxemticnaedxmnaq/Build/Products/Debug-iphonesimulator/BetterSleep.app/BetterSleep.debug.dylib -Xlinker -no_adhoc_codesign -o /Users/littlegragon/Library/Developer/Xcode/DerivedData/BetterSleep-aailiramiaforxemticnaedxmnaq/Build/Products/Debug-iphonesimulator/BetterSleep.app/BetterSleep

ExtractAppIntentsMetadata (in target 'BetterSleep' from project 'BetterSleep')
    cd /Users/littlegragon/work/better-sleep-trae
    /Applications/Xcode.app/Contents/Developer/Toolchains/XcodeDefault.xctoolchain/usr/bin/appintentsmetadataprocessor --toolchain-dir /Applications/Xcode.app/Contents/Developer/Toolchains/XcodeDefault.xctoolchain --module-name BetterSleep --sdk-root /Applications/Xcode.app/Contents/Developer/Platforms/iPhoneSimulator.platform/Developer/SDKs/iPhoneSimulator18.5.sdk --xcode-version 16F6 --platform-family iOS --deployment-target 15.0 --bundle-identifier com.littlegragon.BetterSleep.dev --output /Users/littlegragon/Library/Developer/Xcode/DerivedData/BetterSleep-aailiramiaforxemticnaedxmnaq/Build/Products/Debug-iphonesimulator/BetterSleep.app --target-triple arm64-apple-ios15.0-simulator --binary-file /Users/littlegragon/Library/Developer/Xcode/DerivedData/BetterSleep-aailiramiaforxemticnaedxmnaq/Build/Products/Debug-iphonesimulator/BetterSleep.app/BetterSleep --dependency-file /Users/littlegragon/Library/Developer/Xcode/DerivedData/BetterSleep-aailiramiaforxemticnaedxmnaq/Build/Intermediates.noindex/BetterSleep.build/Debug-iphonesimulator/BetterSleep.build/Objects-normal/arm64/BetterSleep_dependency_info.dat --stringsdata-file /Users/littlegragon/Library/Developer/Xcode/DerivedData/BetterSleep-aailiramiaforxemticnaedxmnaq/Build/Intermediates.noindex/BetterSleep.build/Debug-iphonesimulator/BetterSleep.build/Objects-normal/arm64/ExtractedAppShortcutsMetadata.stringsdata --source-file-list /Users/littlegragon/Library/Developer/Xcode/DerivedData/BetterSleep-aailiramiaforxemticnaedxmnaq/Build/Intermediates.noindex/BetterSleep.build/Debug-iphonesimulator/BetterSleep.build/Objects-normal/arm64/BetterSleep.SwiftFileList --metadata-file-list /Users/littlegragon/Library/Developer/Xcode/DerivedData/BetterSleep-aailiramiaforxemticnaedxmnaq/Build/Intermediates.noindex/BetterSleep.build/Debug-iphonesimulator/BetterSleep.build/BetterSleep.DependencyMetadataFileList --static-metadata-file-list /Users/littlegragon/Library/Developer/Xcode/DerivedData/BetterSleep-aailiramiaforxemticnaedxmnaq/Build/Intermediates.noindex/BetterSleep.build/Debug-iphonesimulator/BetterSleep.build/BetterSleep.DependencyStaticMetadataFileList --swift-const-vals-list /Users/littlegragon/Library/Developer/Xcode/DerivedData/BetterSleep-aailiramiaforxemticnaedxmnaq/Build/Intermediates.noindex/BetterSleep.build/Debug-iphonesimulator/BetterSleep.build/Objects-normal/arm64/BetterSleep.SwiftConstValuesFileList --compile-time-extraction --deployment-aware-processing --validate-assistant-intents --no-app-shortcuts-localization
2025-09-13 16:37:03.517 appintentsmetadataprocessor[18156:83209] Starting appintentsmetadataprocessor export
2025-09-13 16:37:03.519 appintentsmetadataprocessor[18156:83209] warning: Metadata extraction skipped. No AppIntents.framework dependency found.

CopySwiftLibs /Users/littlegragon/Library/Developer/Xcode/DerivedData/BetterSleep-aailiramiaforxemticnaedxmnaq/Build/Products/Debug-iphonesimulator/BetterSleep.app (in target 'BetterSleep' from project 'BetterSleep')
    cd /Users/littlegragon/work/better-sleep-trae
    builtin-swiftStdLibTool --copy --verbose --sign - --scan-executable /Users/littlegragon/Library/Developer/Xcode/DerivedData/BetterSleep-aailiramiaforxemticnaedxmnaq/Build/Products/Debug-iphonesimulator/BetterSleep.app/BetterSleep.debug.dylib --scan-folder /Users/littlegragon/Library/Developer/Xcode/DerivedData/BetterSleep-aailiramiaforxemticnaedxmnaq/Build/Products/Debug-iphonesimulator/BetterSleep.app/Frameworks --scan-folder /Users/littlegragon/Library/Developer/Xcode/DerivedData/BetterSleep-aailiramiaforxemticnaedxmnaq/Build/Products/Debug-iphonesimulator/BetterSleep.app/PlugIns --scan-folder /Users/littlegragon/Library/Developer/Xcode/DerivedData/BetterSleep-aailiramiaforxemticnaedxmnaq/Build/Products/Debug-iphonesimulator/BetterSleep.app/SystemExtensions --scan-folder /Users/littlegragon/Library/Developer/Xcode/DerivedData/BetterSleep-aailiramiaforxemticnaedxmnaq/Build/Products/Debug-iphonesimulator/BetterSleep.app/Extensions --scan-folder /Applications/Xcode.app/Contents/Developer/Platforms/iPhoneSimulator.platform/Developer/SDKs/iPhoneSimulator18.5.sdk/System/Library/Frameworks/SoundAnalysis.framework --scan-folder /Applications/Xcode.app/Contents/Developer/Platforms/iPhoneSimulator.platform/Developer/SDKs/iPhoneSimulator18.5.sdk/System/Library/Frameworks/CoreML.framework --scan-folder /Applications/Xcode.app/Contents/Developer/Platforms/iPhoneSimulator.platform/Developer/SDKs/iPhoneSimulator18.5.sdk/System/Library/Frameworks/Speech.framework --scan-folder /Applications/Xcode.app/Contents/Developer/Platforms/iPhoneSimulator.platform/Developer/SDKs/iPhoneSimulator18.5.sdk/System/Library/Frameworks/AVFoundation.framework --scan-folder /Applications/Xcode.app/Contents/Developer/Platforms/iPhoneSimulator.platform/Developer/SDKs/iPhoneSimulator18.5.sdk/System/Library/Frameworks/Accelerate.framework --scan-folder /Applications/Xcode.app/Contents/Developer/Platforms/iPhoneSimulator.platform/Developer/SDKs/iPhoneSimulator18.5.sdk/System/Library/Frameworks/AudioToolbox.framework --scan-folder /Applications/Xcode.app/Contents/Developer/Platforms/iPhoneSimulator.platform/Developer/SDKs/iPhoneSimulator18.5.sdk/System/Library/Frameworks/CoreAudio.framework --platform iphonesimulator --toolchain /Applications/Xcode.app/Contents/Developer/Toolchains/XcodeDefault.xctoolchain --destination /Users/littlegragon/Library/Developer/Xcode/DerivedData/BetterSleep-aailiramiaforxemticnaedxmnaq/Build/Products/Debug-iphonesimulator/BetterSleep.app/Frameworks --strip-bitcode --strip-bitcode-tool /Applications/Xcode.app/Contents/Developer/Toolchains/XcodeDefault.xctoolchain/usr/bin/bitcode_strip --emit-dependency-info /Users/littlegragon/Library/Developer/Xcode/DerivedData/BetterSleep-aailiramiaforxemticnaedxmnaq/Build/Intermediates.noindex/BetterSleep.build/Debug-iphonesimulator/BetterSleep.build/SwiftStdLibToolInputDependencies.dep --filter-for-swift-os

AppIntentsSSUTraining (in target 'BetterSleep' from project 'BetterSleep')
    cd /Users/littlegragon/work/better-sleep-trae
    /Applications/Xcode.app/Contents/Developer/Toolchains/XcodeDefault.xctoolchain/usr/bin/appintentsnltrainingprocessor --infoplist-path /Users/littlegragon/Library/Developer/Xcode/DerivedData/BetterSleep-aailiramiaforxemticnaedxmnaq/Build/Products/Debug-iphonesimulator/BetterSleep.app/Info.plist --temp-dir-path /Users/littlegragon/Library/Developer/Xcode/DerivedData/BetterSleep-aailiramiaforxemticnaedxmnaq/Build/Intermediates.noindex/BetterSleep.build/Debug-iphonesimulator/BetterSleep.build/ssu --bundle-id com.littlegragon.BetterSleep.dev --product-path /Users/littlegragon/Library/Developer/Xcode/DerivedData/BetterSleep-aailiramiaforxemticnaedxmnaq/Build/Products/Debug-iphonesimulator/BetterSleep.app --extracted-metadata-path /Users/littlegragon/Library/Developer/Xcode/DerivedData/BetterSleep-aailiramiaforxemticnaedxmnaq/Build/Products/Debug-iphonesimulator/BetterSleep.app/Metadata.appintents --metadata-file-list /Users/littlegragon/Library/Developer/Xcode/DerivedData/BetterSleep-aailiramiaforxemticnaedxmnaq/Build/Intermediates.noindex/BetterSleep.build/Debug-iphonesimulator/BetterSleep.build/BetterSleep.DependencyMetadataFileList --archive-ssu-assets
2025-09-13 16:37:03.538 appintentsnltrainingprocessor[18157:83211] Parsing options for appintentsnltrainingprocessor
2025-09-13 16:37:03.539 appintentsnltrainingprocessor[18157:83211] No AppShortcuts found - Skipping.

CodeSign /Users/littlegragon/Library/Developer/Xcode/DerivedData/BetterSleep-aailiramiaforxemticnaedxmnaq/Build/Products/Debug-iphonesimulator/BetterSleep.app/BetterSleep.debug.dylib (in target 'BetterSleep' from project 'BetterSleep')
    cd /Users/littlegragon/work/better-sleep-trae
    
    Signing Identity:     "Sign to Run Locally"
    
    /usr/bin/codesign --force --sign - --timestamp\=none --generate-entitlement-der /Users/littlegragon/Library/Developer/Xcode/DerivedData/BetterSleep-aailiramiaforxemticnaedxmnaq/Build/Products/Debug-iphonesimulator/BetterSleep.app/BetterSleep.debug.dylib

CodeSign /Users/littlegragon/Library/Developer/Xcode/DerivedData/BetterSleep-aailiramiaforxemticnaedxmnaq/Build/Products/Debug-iphonesimulator/BetterSleep.app/__preview.dylib (in target 'BetterSleep' from project 'BetterSleep')
    cd /Users/littlegragon/work/better-sleep-trae
    
    Signing Identity:     "Sign to Run Locally"
    
    /usr/bin/codesign --force --sign - --timestamp\=none --generate-entitlement-der /Users/littlegragon/Library/Developer/Xcode/DerivedData/BetterSleep-aailiramiaforxemticnaedxmnaq/Build/Products/Debug-iphonesimulator/BetterSleep.app/__preview.dylib

CodeSign /Users/littlegragon/Library/Developer/Xcode/DerivedData/BetterSleep-aailiramiaforxemticnaedxmnaq/Build/Products/Debug-iphonesimulator/BetterSleep.app (in target 'BetterSleep' from project 'BetterSleep')
    cd /Users/littlegragon/work/better-sleep-trae
    
    Signing Identity:     "Sign to Run Locally"
    
    /usr/bin/codesign --force --sign - --entitlements /Users/littlegragon/Library/Developer/Xcode/DerivedData/BetterSleep-aailiramiaforxemticnaedxmnaq/Build/Intermediates.noindex/BetterSleep.build/Debug-iphonesimulator/BetterSleep.build/BetterSleep.app.xcent --timestamp\=none --generate-entitlement-der /Users/littlegragon/Library/Developer/Xcode/DerivedData/BetterSleep-aailiramiaforxemticnaedxmnaq/Build/Products/Debug-iphonesimulator/BetterSleep.app

RegisterExecutionPolicyException /Users/littlegragon/Library/Developer/Xcode/DerivedData/BetterSleep-aailiramiaforxemticnaedxmnaq/Build/Products/Debug-iphonesimulator/BetterSleep.app (in target 'BetterSleep' from project 'BetterSleep')
    cd /Users/littlegragon/work/better-sleep-trae
    builtin-RegisterExecutionPolicyException /Users/littlegragon/Library/Developer/Xcode/DerivedData/BetterSleep-aailiramiaforxemticnaedxmnaq/Build/Products/Debug-iphonesimulator/BetterSleep.app

Validate /Users/littlegragon/Library/Developer/Xcode/DerivedData/BetterSleep-aailiramiaforxemticnaedxmnaq/Build/Products/Debug-iphonesimulator/BetterSleep.app (in target 'BetterSleep' from project 'BetterSleep')
    cd /Users/littlegragon/work/better-sleep-trae
    builtin-validationUtility /Users/littlegragon/Library/Developer/Xcode/DerivedData/BetterSleep-aailiramiaforxemticnaedxmnaq/Build/Products/Debug-iphonesimulator/BetterSleep.app -infoplist-subpath Info.plist

Touch /Users/littlegragon/Library/Developer/Xcode/DerivedData/BetterSleep-aailiramiaforxemticnaedxmnaq/Build/Products/Debug-iphonesimulator/BetterSleep.app (in target 'BetterSleep' from project 'BetterSleep')
    cd /Users/littlegragon/work/better-sleep-trae
    /usr/bin/touch -c /Users/littlegragon/Library/Developer/Xcode/DerivedData/BetterSleep-aailiramiaforxemticnaedxmnaq/Build/Products/Debug-iphonesimulator/BetterSleep.app

** BUILD SUCCEEDED **

